Archive member included because of file (symbol)

d:/program files/atmel/winavr/bin/../lib/gcc/avr/4.3.3/avr51\libgcc.a(_exit.o)
                              d:/program files/atmel/winavr/bin/../lib/gcc/avr/4.3.3/../../../../avr/lib/avr51/crtm128.o (exit)
d:/program files/atmel/winavr/bin/../lib/gcc/avr/4.3.3/avr51\libgcc.a(_clear_bss.o)
                              main.o (__do_clear_bss)
d:/program files/atmel/winavr/bin/../lib/gcc/avr/4.3.3/avr51\libgcc.a(_fixunssfsi.o)
                              main.o (__fixunssfsi)
d:/program files/atmel/winavr/bin/../lib/gcc/avr/4.3.3/avr51\libgcc.a(_addsub_sf.o)
                              d:/program files/atmel/winavr/bin/../lib/gcc/avr/4.3.3/avr51\libgcc.a(_fixunssfsi.o) (__subsf3)
d:/program files/atmel/winavr/bin/../lib/gcc/avr/4.3.3/avr51\libgcc.a(_mul_sf.o)
                              main.o (__mulsf3)
d:/program files/atmel/winavr/bin/../lib/gcc/avr/4.3.3/avr51\libgcc.a(_div_sf.o)
                              main.o (__divsf3)
d:/program files/atmel/winavr/bin/../lib/gcc/avr/4.3.3/avr51\libgcc.a(_ge_sf.o)
                              d:/program files/atmel/winavr/bin/../lib/gcc/avr/4.3.3/avr51\libgcc.a(_fixunssfsi.o) (__gesf2)
d:/program files/atmel/winavr/bin/../lib/gcc/avr/4.3.3/avr51\libgcc.a(_sf_to_si.o)
                              d:/program files/atmel/winavr/bin/../lib/gcc/avr/4.3.3/avr51\libgcc.a(_fixunssfsi.o) (__fixsfsi)
d:/program files/atmel/winavr/bin/../lib/gcc/avr/4.3.3/avr51\libgcc.a(_thenan_sf.o)
                              d:/program files/atmel/winavr/bin/../lib/gcc/avr/4.3.3/avr51\libgcc.a(_addsub_sf.o) (__thenan_sf)
d:/program files/atmel/winavr/bin/../lib/gcc/avr/4.3.3/avr51\libgcc.a(_usi_to_sf.o)
                              main.o (__floatunsisf)
d:/program files/atmel/winavr/bin/../lib/gcc/avr/4.3.3/avr51\libgcc.a(_prologue.o)
                              d:/program files/atmel/winavr/bin/../lib/gcc/avr/4.3.3/avr51\libgcc.a(_addsub_sf.o) (__prologue_saves__)
d:/program files/atmel/winavr/bin/../lib/gcc/avr/4.3.3/avr51\libgcc.a(_epilogue.o)
                              d:/program files/atmel/winavr/bin/../lib/gcc/avr/4.3.3/avr51\libgcc.a(_addsub_sf.o) (__epilogue_restores__)
d:/program files/atmel/winavr/bin/../lib/gcc/avr/4.3.3/avr51\libgcc.a(_clzsi2.o)
                              d:/program files/atmel/winavr/bin/../lib/gcc/avr/4.3.3/avr51\libgcc.a(_usi_to_sf.o) (__clzsi2)
d:/program files/atmel/winavr/bin/../lib/gcc/avr/4.3.3/avr51\libgcc.a(_pack_sf.o)
                              d:/program files/atmel/winavr/bin/../lib/gcc/avr/4.3.3/avr51\libgcc.a(_addsub_sf.o) (__pack_f)
d:/program files/atmel/winavr/bin/../lib/gcc/avr/4.3.3/avr51\libgcc.a(_unpack_sf.o)
                              d:/program files/atmel/winavr/bin/../lib/gcc/avr/4.3.3/avr51\libgcc.a(_addsub_sf.o) (__unpack_f)
d:/program files/atmel/winavr/bin/../lib/gcc/avr/4.3.3/avr51\libgcc.a(_fpcmp_parts_sf.o)
                              d:/program files/atmel/winavr/bin/../lib/gcc/avr/4.3.3/avr51\libgcc.a(_ge_sf.o) (__fpcmp_parts_f)
d:/program files/atmel/winavr/bin/../lib/gcc/avr/4.3.3/avr51\libgcc.a(_clz.o)
                              d:/program files/atmel/winavr/bin/../lib/gcc/avr/4.3.3/avr51\libgcc.a(_clzsi2.o) (__clz_tab)

Allocating common symbols
Common symbol       size              file

pic                 0x1               main.o
ly                  0x2               main.o
Device_code         0x2               main.o
coordinate          0x4               main.o
lx                  0x2               main.o

Memory Configuration

Name             Origin             Length             Attributes
text             0x00000000         0x00020000         xr
data             0x00800060         0x0000ffa0         rw !x
eeprom           0x00810000         0x00010000         rw !x
fuse             0x00820000         0x00000400         rw !x
lock             0x00830000         0x00000400         rw !x
signature        0x00840000         0x00000400         rw !x
*default*        0x00000000         0xffffffff

Linker script and memory map

Address of section .data set to 0x800100
LOAD d:/program files/atmel/winavr/bin/../lib/gcc/avr/4.3.3/../../../../avr/lib/avr51/crtm128.o
LOAD main.o
LOAD d:/program files/atmel/winavr/bin/../lib/gcc/avr/4.3.3/avr51\libgcc.a
LOAD d:/program files/atmel/winavr/bin/../lib/gcc/avr/4.3.3/../../../../avr/lib/avr51\libc.a
LOAD d:/program files/atmel/winavr/bin/../lib/gcc/avr/4.3.3/avr51\libgcc.a

.hash
 *(.hash)

.dynsym
 *(.dynsym)

.dynstr
 *(.dynstr)

.gnu.version
 *(.gnu.version)

.gnu.version_d
 *(.gnu.version_d)

.gnu.version_r
 *(.gnu.version_r)

.rel.init
 *(.rel.init)

.rela.init
 *(.rela.init)

.rel.text
 *(.rel.text)
 *(.rel.text.*)
 *(.rel.gnu.linkonce.t*)

.rela.text
 *(.rela.text)
 *(.rela.text.*)
 *(.rela.gnu.linkonce.t*)

.rel.fini
 *(.rel.fini)

.rela.fini
 *(.rela.fini)

.rel.rodata
 *(.rel.rodata)
 *(.rel.rodata.*)
 *(.rel.gnu.linkonce.r*)

.rela.rodata
 *(.rela.rodata)
 *(.rela.rodata.*)
 *(.rela.gnu.linkonce.r*)

.rel.data
 *(.rel.data)
 *(.rel.data.*)
 *(.rel.gnu.linkonce.d*)

.rela.data
 *(.rela.data)
 *(.rela.data.*)
 *(.rela.gnu.linkonce.d*)

.rel.ctors
 *(.rel.ctors)

.rela.ctors
 *(.rela.ctors)

.rel.dtors
 *(.rel.dtors)

.rela.dtors
 *(.rela.dtors)

.rel.got
 *(.rel.got)

.rela.got
 *(.rela.got)

.rel.bss
 *(.rel.bss)

.rela.bss
 *(.rela.bss)

.rel.plt
 *(.rel.plt)

.rela.plt
 *(.rela.plt)

.text           0x00000000     0x5468
 *(.vectors)
 .vectors       0x00000000       0x8c d:/program files/atmel/winavr/bin/../lib/gcc/avr/4.3.3/../../../../avr/lib/avr51/crtm128.o
                0x00000000                __vectors
                0x00000000                __vector_default
 *(.vectors)
 *(.progmem.gcc*)
 *(.progmem*)
 .progmem.data  0x0000008c     0x3200 main.o
                0x0000008c                gImage_qqp
                0x0000328c                . = ALIGN (0x2)
                0x0000328c                __trampolines_start = .
 *(.trampolines)
 .trampolines   0x0000328c        0x0 linker stubs
 *(.trampolines*)
                0x0000328c                __trampolines_end = .
 *(.jumptables)
 *(.jumptables*)
 *(.lowtext)
 *(.lowtext*)
                0x0000328c                __ctors_start = .
 *(.ctors)
                0x0000328c                __ctors_end = .
                0x0000328c                __dtors_start = .
 *(.dtors)
                0x0000328c                __dtors_end = .
 SORT(*)(.ctors)
 SORT(*)(.dtors)
 *(.init0)
 .init0         0x0000328c        0x0 d:/program files/atmel/winavr/bin/../lib/gcc/avr/4.3.3/../../../../avr/lib/avr51/crtm128.o
                0x0000328c                __init
 *(.init0)
 *(.init1)
 *(.init1)
 *(.init2)
 .init2         0x0000328c        0xc d:/program files/atmel/winavr/bin/../lib/gcc/avr/4.3.3/../../../../avr/lib/avr51/crtm128.o
 *(.init2)
 *(.init3)
 *(.init3)
 *(.init4)
 .init4         0x00003298       0x1a d:/program files/atmel/winavr/bin/../lib/gcc/avr/4.3.3/../../../../avr/lib/avr51/crtm128.o
                0x00003298                __do_copy_data
 .init4         0x000032b2       0x10 d:/program files/atmel/winavr/bin/../lib/gcc/avr/4.3.3/avr51\libgcc.a(_clear_bss.o)
                0x000032b2                __do_clear_bss
 *(.init4)
 *(.init5)
 *(.init5)
 *(.init6)
 *(.init6)
 *(.init7)
 *(.init7)
 *(.init8)
 *(.init8)
 *(.init9)
 .init9         0x000032c2        0x8 d:/program files/atmel/winavr/bin/../lib/gcc/avr/4.3.3/../../../../avr/lib/avr51/crtm128.o
 *(.init9)
 *(.text)
 .text          0x000032ca        0x4 d:/program files/atmel/winavr/bin/../lib/gcc/avr/4.3.3/../../../../avr/lib/avr51/crtm128.o
                0x000032ca                __vector_22
                0x000032ca                __vector_28
                0x000032ca                __vector_1
                0x000032ca                __vector_32
                0x000032ca                __vector_34
                0x000032ca                __vector_24
                0x000032ca                __vector_12
                0x000032ca                __bad_interrupt
                0x000032ca                __vector_6
                0x000032ca                __vector_31
                0x000032ca                __vector_3
                0x000032ca                __vector_23
                0x000032ca                __vector_30
                0x000032ca                __vector_25
                0x000032ca                __vector_11
                0x000032ca                __vector_13
                0x000032ca                __vector_17
                0x000032ca                __vector_19
                0x000032ca                __vector_7
                0x000032ca                __vector_27
                0x000032ca                __vector_5
                0x000032ca                __vector_33
                0x000032ca                __vector_4
                0x000032ca                __vector_9
                0x000032ca                __vector_2
                0x000032ca                __vector_21
                0x000032ca                __vector_15
                0x000032ca                __vector_29
                0x000032ca                __vector_8
                0x000032ca                __vector_26
                0x000032ca                __vector_14
                0x000032ca                __vector_10
                0x000032ca                __vector_16
                0x000032ca                __vector_18
                0x000032ca                __vector_20
 .text          0x000032ce     0x144c main.o
                0x00004202                CLR_Screen
                0x00003436                pix_filter
                0x000032f4                Write_7843
                0x00003556                delayms
                0x00003558                Write_Cmd
                0x0000429e                LED_Light
                0x0000416a                LCD_PutString
                0x00004384                Image_Move
                0x00004284                Port_Init
                0x00003490                Getpix
                0x0000360e                TFT_Initial
                0x00003d94                PutGB2424
                0x00004266                Put_pixel
                0x00003d16                Show_RGB
                0x00004552                main
                0x00004010                LCD_PutChar
                0x000035ee                Write_Cmd_Data
                0x000032d0                start_7843
                0x000032ce                delay
                0x000033b0                AD7843
                0x000035e4                Write_Data_U16
                0x00003eda                Put16x16
                0x00003346                Read_7843
                0x000040d0                LCD_PutString24
                0x000042ce                Show_Image
                0x0000359e                Write_Data
                0x00003cb4                LCD_SetPos
 .text          0x0000471a        0x0 d:/program files/atmel/winavr/bin/../lib/gcc/avr/4.3.3/avr51\libgcc.a(_exit.o)
 .text          0x0000471a        0x0 d:/program files/atmel/winavr/bin/../lib/gcc/avr/4.3.3/avr51\libgcc.a(_clear_bss.o)
 .text          0x0000471a       0x58 d:/program files/atmel/winavr/bin/../lib/gcc/avr/4.3.3/avr51\libgcc.a(_fixunssfsi.o)
                0x0000471a                __fixunssfsi
 .text          0x00004772      0x354 d:/program files/atmel/winavr/bin/../lib/gcc/avr/4.3.3/avr51\libgcc.a(_addsub_sf.o)
                0x00004a0a                __subsf3
                0x00004a6c                __addsf3
 .text          0x00004ac6      0x1f4 d:/program files/atmel/winavr/bin/../lib/gcc/avr/4.3.3/avr51\libgcc.a(_mul_sf.o)
                0x00004ac6                __mulsf3
 .text          0x00004cba      0x158 d:/program files/atmel/winavr/bin/../lib/gcc/avr/4.3.3/avr51\libgcc.a(_div_sf.o)
                0x00004cba                __divsf3
 .text          0x00004e12       0x60 d:/program files/atmel/winavr/bin/../lib/gcc/avr/4.3.3/avr51\libgcc.a(_ge_sf.o)
                0x00004e12                __gesf2
 .text          0x00004e72       0xa8 d:/program files/atmel/winavr/bin/../lib/gcc/avr/4.3.3/avr51\libgcc.a(_sf_to_si.o)
                0x00004e72                __fixsfsi
 .text          0x00004f1a        0x0 d:/program files/atmel/winavr/bin/../lib/gcc/avr/4.3.3/avr51\libgcc.a(_thenan_sf.o)
 .text          0x00004f1a       0xf2 d:/program files/atmel/winavr/bin/../lib/gcc/avr/4.3.3/avr51\libgcc.a(_usi_to_sf.o)
                0x00004f1a                __floatunsisf
 .text          0x0000500c        0x0 d:/program files/atmel/winavr/bin/../lib/gcc/avr/4.3.3/avr51\libgcc.a(_prologue.o)
 .text          0x0000500c        0x0 d:/program files/atmel/winavr/bin/../lib/gcc/avr/4.3.3/avr51\libgcc.a(_epilogue.o)
 .text          0x0000500c       0x9e d:/program files/atmel/winavr/bin/../lib/gcc/avr/4.3.3/avr51\libgcc.a(_clzsi2.o)
                0x0000500c                __clzsi2
 .text          0x000050aa      0x1aa d:/program files/atmel/winavr/bin/../lib/gcc/avr/4.3.3/avr51\libgcc.a(_pack_sf.o)
                0x000050aa                __pack_f
 .text          0x00005254       0xf0 d:/program files/atmel/winavr/bin/../lib/gcc/avr/4.3.3/avr51\libgcc.a(_unpack_sf.o)
                0x00005254                __unpack_f
 .text          0x00005344       0xb2 d:/program files/atmel/winavr/bin/../lib/gcc/avr/4.3.3/avr51\libgcc.a(_fpcmp_parts_sf.o)
                0x00005344                __fpcmp_parts_f
 .text          0x000053f6        0x0 d:/program files/atmel/winavr/bin/../lib/gcc/avr/4.3.3/avr51\libgcc.a(_clz.o)
                0x000053f6                . = ALIGN (0x2)
 *(.text.*)
 .text.libgcc   0x000053f6        0x0 d:/program files/atmel/winavr/bin/../lib/gcc/avr/4.3.3/avr51\libgcc.a(_exit.o)
 .text.libgcc   0x000053f6        0x0 d:/program files/atmel/winavr/bin/../lib/gcc/avr/4.3.3/avr51\libgcc.a(_clear_bss.o)
 .text.libgcc   0x000053f6       0x38 d:/program files/atmel/winavr/bin/../lib/gcc/avr/4.3.3/avr51\libgcc.a(_prologue.o)
                0x000053f6                __prologue_saves__
 .text.libgcc   0x0000542e       0x36 d:/program files/atmel/winavr/bin/../lib/gcc/avr/4.3.3/avr51\libgcc.a(_epilogue.o)
                0x0000542e                __epilogue_restores__
                0x00005464                . = ALIGN (0x2)
 *(.fini9)
 .fini9         0x00005464        0x0 d:/program files/atmel/winavr/bin/../lib/gcc/avr/4.3.3/avr51\libgcc.a(_exit.o)
                0x00005464                exit
                0x00005464                _exit
 *(.fini9)
 *(.fini8)
 *(.fini8)
 *(.fini7)
 *(.fini7)
 *(.fini6)
 *(.fini6)
 *(.fini5)
 *(.fini5)
 *(.fini4)
 *(.fini4)
 *(.fini3)
 *(.fini3)
 *(.fini2)
 *(.fini2)
 *(.fini1)
 *(.fini1)
 *(.fini0)
 .fini0         0x00005464        0x4 d:/program files/atmel/winavr/bin/../lib/gcc/avr/4.3.3/avr51\libgcc.a(_exit.o)
 *(.fini0)
                0x00005468                _etext = .

.data           0x00800100      0xd00 load address 0x00005468
                0x00800100                PROVIDE (__data_start, .)
 *(.data)
 .data          0x00800100        0x0 d:/program files/atmel/winavr/bin/../lib/gcc/avr/4.3.3/../../../../avr/lib/avr51/crtm128.o
 .data          0x00800100      0xbf7 main.o
                0x00800727                codeGB_24
                0x00800127                Font8x16
                0x00800a0b                ch16
 .data          0x00800cf7        0x0 d:/program files/atmel/winavr/bin/../lib/gcc/avr/4.3.3/avr51\libgcc.a(_exit.o)
 .data          0x00800cf7        0x0 d:/program files/atmel/winavr/bin/../lib/gcc/avr/4.3.3/avr51\libgcc.a(_clear_bss.o)
 .data          0x00800cf7        0x0 d:/program files/atmel/winavr/bin/../lib/gcc/avr/4.3.3/avr51\libgcc.a(_fixunssfsi.o)
 .data          0x00800cf7        0x0 d:/program files/atmel/winavr/bin/../lib/gcc/avr/4.3.3/avr51\libgcc.a(_addsub_sf.o)
 .data          0x00800cf7        0x0 d:/program files/atmel/winavr/bin/../lib/gcc/avr/4.3.3/avr51\libgcc.a(_mul_sf.o)
 .data          0x00800cf7        0x0 d:/program files/atmel/winavr/bin/../lib/gcc/avr/4.3.3/avr51\libgcc.a(_div_sf.o)
 .data          0x00800cf7        0x0 d:/program files/atmel/winavr/bin/../lib/gcc/avr/4.3.3/avr51\libgcc.a(_ge_sf.o)
 .data          0x00800cf7        0x0 d:/program files/atmel/winavr/bin/../lib/gcc/avr/4.3.3/avr51\libgcc.a(_sf_to_si.o)
 .data          0x00800cf7        0x8 d:/program files/atmel/winavr/bin/../lib/gcc/avr/4.3.3/avr51\libgcc.a(_thenan_sf.o)
                0x00800cf7                __thenan_sf
 .data          0x00800cff        0x0 d:/program files/atmel/winavr/bin/../lib/gcc/avr/4.3.3/avr51\libgcc.a(_usi_to_sf.o)
 .data          0x00800cff        0x0 d:/program files/atmel/winavr/bin/../lib/gcc/avr/4.3.3/avr51\libgcc.a(_prologue.o)
 .data          0x00800cff        0x0 d:/program files/atmel/winavr/bin/../lib/gcc/avr/4.3.3/avr51\libgcc.a(_epilogue.o)
 .data          0x00800cff        0x0 d:/program files/atmel/winavr/bin/../lib/gcc/avr/4.3.3/avr51\libgcc.a(_clzsi2.o)
 .data          0x00800cff        0x0 d:/program files/atmel/winavr/bin/../lib/gcc/avr/4.3.3/avr51\libgcc.a(_pack_sf.o)
 .data          0x00800cff        0x0 d:/program files/atmel/winavr/bin/../lib/gcc/avr/4.3.3/avr51\libgcc.a(_unpack_sf.o)
 .data          0x00800cff        0x0 d:/program files/atmel/winavr/bin/../lib/gcc/avr/4.3.3/avr51\libgcc.a(_fpcmp_parts_sf.o)
 .data          0x00800cff      0x100 d:/program files/atmel/winavr/bin/../lib/gcc/avr/4.3.3/avr51\libgcc.a(_clz.o)
                0x00800cff                __clz_tab
 *(.data*)
 *(.rodata)
 *(.rodata*)
 *(.gnu.linkonce.d*)
                0x00800e00                . = ALIGN (0x2)
 *fill*         0x00800dff        0x1 00
                0x00800e00                _edata = .
                0x00800e00                PROVIDE (__data_end, .)

.bss            0x00800e00        0xb
                0x00800e00                PROVIDE (__bss_start, .)
 *(.bss)
 .bss           0x00800e00        0x0 d:/program files/atmel/winavr/bin/../lib/gcc/avr/4.3.3/../../../../avr/lib/avr51/crtm128.o
 .bss           0x00800e00        0x0 main.o
 .bss           0x00800e00        0x0 d:/program files/atmel/winavr/bin/../lib/gcc/avr/4.3.3/avr51\libgcc.a(_exit.o)
 .bss           0x00800e00        0x0 d:/program files/atmel/winavr/bin/../lib/gcc/avr/4.3.3/avr51\libgcc.a(_clear_bss.o)
 .bss           0x00800e00        0x0 d:/program files/atmel/winavr/bin/../lib/gcc/avr/4.3.3/avr51\libgcc.a(_fixunssfsi.o)
 .bss           0x00800e00        0x0 d:/program files/atmel/winavr/bin/../lib/gcc/avr/4.3.3/avr51\libgcc.a(_addsub_sf.o)
 .bss           0x00800e00        0x0 d:/program files/atmel/winavr/bin/../lib/gcc/avr/4.3.3/avr51\libgcc.a(_mul_sf.o)
 .bss           0x00800e00        0x0 d:/program files/atmel/winavr/bin/../lib/gcc/avr/4.3.3/avr51\libgcc.a(_div_sf.o)
 .bss           0x00800e00        0x0 d:/program files/atmel/winavr/bin/../lib/gcc/avr/4.3.3/avr51\libgcc.a(_ge_sf.o)
 .bss           0x00800e00        0x0 d:/program files/atmel/winavr/bin/../lib/gcc/avr/4.3.3/avr51\libgcc.a(_sf_to_si.o)
 .bss           0x00800e00        0x0 d:/program files/atmel/winavr/bin/../lib/gcc/avr/4.3.3/avr51\libgcc.a(_thenan_sf.o)
 .bss           0x00800e00        0x0 d:/program files/atmel/winavr/bin/../lib/gcc/avr/4.3.3/avr51\libgcc.a(_usi_to_sf.o)
 .bss           0x00800e00        0x0 d:/program files/atmel/winavr/bin/../lib/gcc/avr/4.3.3/avr51\libgcc.a(_prologue.o)
 .bss           0x00800e00        0x0 d:/program files/atmel/winavr/bin/../lib/gcc/avr/4.3.3/avr51\libgcc.a(_epilogue.o)
 .bss           0x00800e00        0x0 d:/program files/atmel/winavr/bin/../lib/gcc/avr/4.3.3/avr51\libgcc.a(_clzsi2.o)
 .bss           0x00800e00        0x0 d:/program files/atmel/winavr/bin/../lib/gcc/avr/4.3.3/avr51\libgcc.a(_pack_sf.o)
 .bss           0x00800e00        0x0 d:/program files/atmel/winavr/bin/../lib/gcc/avr/4.3.3/avr51\libgcc.a(_unpack_sf.o)
 .bss           0x00800e00        0x0 d:/program files/atmel/winavr/bin/../lib/gcc/avr/4.3.3/avr51\libgcc.a(_fpcmp_parts_sf.o)
 .bss           0x00800e00        0x0 d:/program files/atmel/winavr/bin/../lib/gcc/avr/4.3.3/avr51\libgcc.a(_clz.o)
 *(.bss*)
 *(COMMON)
 COMMON         0x00800e00        0xb main.o
                0x00800e00                pic
                0x00800e01                ly
                0x00800e03                Device_code
                0x00800e05                coordinate
                0x00800e09                lx
                0x00800e0b                PROVIDE (__bss_end, .)
                0x00005468                __data_load_start = LOADADDR (.data)
                0x00006168                __data_load_end = (__data_load_start + SIZEOF (.data))

.noinit         0x00800e0b        0x0
                0x00800e0b                PROVIDE (__noinit_start, .)
 *(.noinit*)
                0x00800e0b                PROVIDE (__noinit_end, .)
                0x00800e0b                _end = .
                0x00800e0b                PROVIDE (__heap_start, .)

.eeprom         0x00810000        0x0
 *(.eeprom*)
                0x00810000                __eeprom_end = .

.fuse
 *(.fuse)
 *(.lfuse)
 *(.hfuse)
 *(.efuse)

.lock
 *(.lock*)

.signature
 *(.signature*)

.stab
 *(.stab)

.stabstr
 *(.stabstr)

.stab.excl
 *(.stab.excl)

.stab.exclstr
 *(.stab.exclstr)

.stab.index
 *(.stab.index)

.stab.indexstr
 *(.stab.indexstr)

.comment
 *(.comment)

.debug
 *(.debug)

.line
 *(.line)

.debug_srcinfo
 *(.debug_srcinfo)

.debug_sfnames
 *(.debug_sfnames)

.debug_aranges  0x00000000      0x180
 *(.debug_aranges)
 .debug_aranges
                0x00000000       0x20 main.o
 .debug_aranges
                0x00000020       0x20 d:/program files/atmel/winavr/bin/../lib/gcc/avr/4.3.3/avr51\libgcc.a(_fixunssfsi.o)
 .debug_aranges
                0x00000040       0x20 d:/program files/atmel/winavr/bin/../lib/gcc/avr/4.3.3/avr51\libgcc.a(_addsub_sf.o)
 .debug_aranges
                0x00000060       0x20 d:/program files/atmel/winavr/bin/../lib/gcc/avr/4.3.3/avr51\libgcc.a(_mul_sf.o)
 .debug_aranges
                0x00000080       0x20 d:/program files/atmel/winavr/bin/../lib/gcc/avr/4.3.3/avr51\libgcc.a(_div_sf.o)
 .debug_aranges
                0x000000a0       0x20 d:/program files/atmel/winavr/bin/../lib/gcc/avr/4.3.3/avr51\libgcc.a(_ge_sf.o)
 .debug_aranges
                0x000000c0       0x20 d:/program files/atmel/winavr/bin/../lib/gcc/avr/4.3.3/avr51\libgcc.a(_sf_to_si.o)
 .debug_aranges
                0x000000e0       0x20 d:/program files/atmel/winavr/bin/../lib/gcc/avr/4.3.3/avr51\libgcc.a(_usi_to_sf.o)
 .debug_aranges
                0x00000100       0x20 d:/program files/atmel/winavr/bin/../lib/gcc/avr/4.3.3/avr51\libgcc.a(_clzsi2.o)
 .debug_aranges
                0x00000120       0x20 d:/program files/atmel/winavr/bin/../lib/gcc/avr/4.3.3/avr51\libgcc.a(_pack_sf.o)
 .debug_aranges
                0x00000140       0x20 d:/program files/atmel/winavr/bin/../lib/gcc/avr/4.3.3/avr51\libgcc.a(_unpack_sf.o)
 .debug_aranges
                0x00000160       0x20 d:/program files/atmel/winavr/bin/../lib/gcc/avr/4.3.3/avr51\libgcc.a(_fpcmp_parts_sf.o)

.debug_pubnames
                0x00000000      0x3b7
 *(.debug_pubnames)
 .debug_pubnames
                0x00000000      0x201 main.o
 .debug_pubnames
                0x00000201       0x23 d:/program files/atmel/winavr/bin/../lib/gcc/avr/4.3.3/avr51\libgcc.a(_fixunssfsi.o)
 .debug_pubnames
                0x00000224       0x2c d:/program files/atmel/winavr/bin/../lib/gcc/avr/4.3.3/avr51\libgcc.a(_addsub_sf.o)
 .debug_pubnames
                0x00000250       0x1f d:/program files/atmel/winavr/bin/../lib/gcc/avr/4.3.3/avr51\libgcc.a(_mul_sf.o)
 .debug_pubnames
                0x0000026f       0x1f d:/program files/atmel/winavr/bin/../lib/gcc/avr/4.3.3/avr51\libgcc.a(_div_sf.o)
 .debug_pubnames
                0x0000028e       0x1e d:/program files/atmel/winavr/bin/../lib/gcc/avr/4.3.3/avr51\libgcc.a(_ge_sf.o)
 .debug_pubnames
                0x000002ac       0x20 d:/program files/atmel/winavr/bin/../lib/gcc/avr/4.3.3/avr51\libgcc.a(_sf_to_si.o)
 .debug_pubnames
                0x000002cc       0x22 d:/program files/atmel/winavr/bin/../lib/gcc/avr/4.3.3/avr51\libgcc.a(_thenan_sf.o)
 .debug_pubnames
                0x000002ee       0x24 d:/program files/atmel/winavr/bin/../lib/gcc/avr/4.3.3/avr51\libgcc.a(_usi_to_sf.o)
 .debug_pubnames
                0x00000312       0x1f d:/program files/atmel/winavr/bin/../lib/gcc/avr/4.3.3/avr51\libgcc.a(_clzsi2.o)
 .debug_pubnames
                0x00000331       0x1f d:/program files/atmel/winavr/bin/../lib/gcc/avr/4.3.3/avr51\libgcc.a(_pack_sf.o)
 .debug_pubnames
                0x00000350       0x21 d:/program files/atmel/winavr/bin/../lib/gcc/avr/4.3.3/avr51\libgcc.a(_unpack_sf.o)
 .debug_pubnames
                0x00000371       0x26 d:/program files/atmel/winavr/bin/../lib/gcc/avr/4.3.3/avr51\libgcc.a(_fpcmp_parts_sf.o)
 .debug_pubnames
                0x00000397       0x20 d:/program files/atmel/winavr/bin/../lib/gcc/avr/4.3.3/avr51\libgcc.a(_clz.o)

.debug_info     0x00000000     0x2d75
 *(.debug_info)
 .debug_info    0x00000000      0xe68 main.o
 .debug_info    0x00000e68       0xb1 d:/program files/atmel/winavr/bin/../lib/gcc/avr/4.3.3/avr51\libgcc.a(_fixunssfsi.o)
 .debug_info    0x00000f19      0x47a d:/program files/atmel/winavr/bin/../lib/gcc/avr/4.3.3/avr51\libgcc.a(_addsub_sf.o)
 .debug_info    0x00001393      0x485 d:/program files/atmel/winavr/bin/../lib/gcc/avr/4.3.3/avr51\libgcc.a(_mul_sf.o)
 .debug_info    0x00001818      0x3fc d:/program files/atmel/winavr/bin/../lib/gcc/avr/4.3.3/avr51\libgcc.a(_div_sf.o)
 .debug_info    0x00001c14      0x27f d:/program files/atmel/winavr/bin/../lib/gcc/avr/4.3.3/avr51\libgcc.a(_ge_sf.o)
 .debug_info    0x00001e93      0x2b0 d:/program files/atmel/winavr/bin/../lib/gcc/avr/4.3.3/avr51\libgcc.a(_sf_to_si.o)
 .debug_info    0x00002143      0x12c d:/program files/atmel/winavr/bin/../lib/gcc/avr/4.3.3/avr51\libgcc.a(_thenan_sf.o)
 .debug_info    0x0000226f      0x206 d:/program files/atmel/winavr/bin/../lib/gcc/avr/4.3.3/avr51\libgcc.a(_usi_to_sf.o)
 .debug_info    0x00002475      0x117 d:/program files/atmel/winavr/bin/../lib/gcc/avr/4.3.3/avr51\libgcc.a(_clzsi2.o)
 .debug_info    0x0000258c      0x2df d:/program files/atmel/winavr/bin/../lib/gcc/avr/4.3.3/avr51\libgcc.a(_pack_sf.o)
 .debug_info    0x0000286b      0x251 d:/program files/atmel/winavr/bin/../lib/gcc/avr/4.3.3/avr51\libgcc.a(_unpack_sf.o)
 .debug_info    0x00002abc      0x210 d:/program files/atmel/winavr/bin/../lib/gcc/avr/4.3.3/avr51\libgcc.a(_fpcmp_parts_sf.o)
 .debug_info    0x00002ccc       0xa9 d:/program files/atmel/winavr/bin/../lib/gcc/avr/4.3.3/avr51\libgcc.a(_clz.o)
 *(.gnu.linkonce.wi.*)

.debug_abbrev   0x00000000     0x138e
 *(.debug_abbrev)
 .debug_abbrev  0x00000000      0x2bc main.o
 .debug_abbrev  0x000002bc       0x5d d:/program files/atmel/winavr/bin/../lib/gcc/avr/4.3.3/avr51\libgcc.a(_fixunssfsi.o)
 .debug_abbrev  0x00000319      0x1ea d:/program files/atmel/winavr/bin/../lib/gcc/avr/4.3.3/avr51\libgcc.a(_addsub_sf.o)
 .debug_abbrev  0x00000503      0x21b d:/program files/atmel/winavr/bin/../lib/gcc/avr/4.3.3/avr51\libgcc.a(_mul_sf.o)
 .debug_abbrev  0x0000071e      0x216 d:/program files/atmel/winavr/bin/../lib/gcc/avr/4.3.3/avr51\libgcc.a(_div_sf.o)
 .debug_abbrev  0x00000934      0x15a d:/program files/atmel/winavr/bin/../lib/gcc/avr/4.3.3/avr51\libgcc.a(_ge_sf.o)
 .debug_abbrev  0x00000a8e      0x17f d:/program files/atmel/winavr/bin/../lib/gcc/avr/4.3.3/avr51\libgcc.a(_sf_to_si.o)
 .debug_abbrev  0x00000c0d       0xad d:/program files/atmel/winavr/bin/../lib/gcc/avr/4.3.3/avr51\libgcc.a(_thenan_sf.o)
 .debug_abbrev  0x00000cba      0x157 d:/program files/atmel/winavr/bin/../lib/gcc/avr/4.3.3/avr51\libgcc.a(_usi_to_sf.o)
 .debug_abbrev  0x00000e11       0xc4 d:/program files/atmel/winavr/bin/../lib/gcc/avr/4.3.3/avr51\libgcc.a(_clzsi2.o)
 .debug_abbrev  0x00000ed5      0x1c0 d:/program files/atmel/winavr/bin/../lib/gcc/avr/4.3.3/avr51\libgcc.a(_pack_sf.o)
 .debug_abbrev  0x00001095      0x154 d:/program files/atmel/winavr/bin/../lib/gcc/avr/4.3.3/avr51\libgcc.a(_unpack_sf.o)
 .debug_abbrev  0x000011e9      0x13b d:/program files/atmel/winavr/bin/../lib/gcc/avr/4.3.3/avr51\libgcc.a(_fpcmp_parts_sf.o)
 .debug_abbrev  0x00001324       0x6a d:/program files/atmel/winavr/bin/../lib/gcc/avr/4.3.3/avr51\libgcc.a(_clz.o)

.debug_line     0x00000000     0x200f
 *(.debug_line)
 .debug_line    0x00000000      0xfdf main.o
 .debug_line    0x00000fdf       0xa7 d:/program files/atmel/winavr/bin/../lib/gcc/avr/4.3.3/avr51\libgcc.a(_fixunssfsi.o)
 .debug_line    0x00001086      0x2af d:/program files/atmel/winavr/bin/../lib/gcc/avr/4.3.3/avr51\libgcc.a(_addsub_sf.o)
 .debug_line    0x00001335      0x239 d:/program files/atmel/winavr/bin/../lib/gcc/avr/4.3.3/avr51\libgcc.a(_mul_sf.o)
 .debug_line    0x0000156e      0x1d5 d:/program files/atmel/winavr/bin/../lib/gcc/avr/4.3.3/avr51\libgcc.a(_div_sf.o)
 .debug_line    0x00001743       0xd3 d:/program files/atmel/winavr/bin/../lib/gcc/avr/4.3.3/avr51\libgcc.a(_ge_sf.o)
 .debug_line    0x00001816      0x109 d:/program files/atmel/winavr/bin/../lib/gcc/avr/4.3.3/avr51\libgcc.a(_sf_to_si.o)
 .debug_line    0x0000191f       0x90 d:/program files/atmel/winavr/bin/../lib/gcc/avr/4.3.3/avr51\libgcc.a(_thenan_sf.o)
 .debug_line    0x000019af      0x133 d:/program files/atmel/winavr/bin/../lib/gcc/avr/4.3.3/avr51\libgcc.a(_usi_to_sf.o)
 .debug_line    0x00001ae2       0xa5 d:/program files/atmel/winavr/bin/../lib/gcc/avr/4.3.3/avr51\libgcc.a(_clzsi2.o)
 .debug_line    0x00001b87      0x18a d:/program files/atmel/winavr/bin/../lib/gcc/avr/4.3.3/avr51\libgcc.a(_pack_sf.o)
 .debug_line    0x00001d11      0x14b d:/program files/atmel/winavr/bin/../lib/gcc/avr/4.3.3/avr51\libgcc.a(_unpack_sf.o)
 .debug_line    0x00001e5c      0x137 d:/program files/atmel/winavr/bin/../lib/gcc/avr/4.3.3/avr51\libgcc.a(_fpcmp_parts_sf.o)
 .debug_line    0x00001f93       0x7c d:/program files/atmel/winavr/bin/../lib/gcc/avr/4.3.3/avr51\libgcc.a(_clz.o)

.debug_frame    0x00000000      0x340
 *(.debug_frame)
 .debug_frame   0x00000000      0x1c0 main.o
 .debug_frame   0x000001c0       0x20 d:/program files/atmel/winavr/bin/../lib/gcc/avr/4.3.3/avr51\libgcc.a(_fixunssfsi.o)
 .debug_frame   0x000001e0       0x40 d:/program files/atmel/winavr/bin/../lib/gcc/avr/4.3.3/avr51\libgcc.a(_addsub_sf.o)
 .debug_frame   0x00000220       0x20 d:/program files/atmel/winavr/bin/../lib/gcc/avr/4.3.3/avr51\libgcc.a(_mul_sf.o)
 .debug_frame   0x00000240       0x20 d:/program files/atmel/winavr/bin/../lib/gcc/avr/4.3.3/avr51\libgcc.a(_div_sf.o)
 .debug_frame   0x00000260       0x20 d:/program files/atmel/winavr/bin/../lib/gcc/avr/4.3.3/avr51\libgcc.a(_ge_sf.o)
 .debug_frame   0x00000280       0x20 d:/program files/atmel/winavr/bin/../lib/gcc/avr/4.3.3/avr51\libgcc.a(_sf_to_si.o)
 .debug_frame   0x000002a0       0x20 d:/program files/atmel/winavr/bin/../lib/gcc/avr/4.3.3/avr51\libgcc.a(_usi_to_sf.o)
 .debug_frame   0x000002c0       0x20 d:/program files/atmel/winavr/bin/../lib/gcc/avr/4.3.3/avr51\libgcc.a(_clzsi2.o)
 .debug_frame   0x000002e0       0x20 d:/program files/atmel/winavr/bin/../lib/gcc/avr/4.3.3/avr51\libgcc.a(_pack_sf.o)
 .debug_frame   0x00000300       0x20 d:/program files/atmel/winavr/bin/../lib/gcc/avr/4.3.3/avr51\libgcc.a(_unpack_sf.o)
 .debug_frame   0x00000320       0x20 d:/program files/atmel/winavr/bin/../lib/gcc/avr/4.3.3/avr51\libgcc.a(_fpcmp_parts_sf.o)

.debug_str      0x00000000      0x553
 *(.debug_str)
 .debug_str     0x00000000      0x2ab main.o
                                0x2f0 (size before relaxing)
 .debug_str     0x000002ab       0x81 d:/program files/atmel/winavr/bin/../lib/gcc/avr/4.3.3/avr51\libgcc.a(_fixunssfsi.o)
                                 0xff (size before relaxing)
 .debug_str     0x0000032c      0x14d d:/program files/atmel/winavr/bin/../lib/gcc/avr/4.3.3/avr51\libgcc.a(_addsub_sf.o)
                                0x207 (size before relaxing)
 .debug_str     0x00000479       0x27 d:/program files/atmel/winavr/bin/../lib/gcc/avr/4.3.3/avr51\libgcc.a(_mul_sf.o)
                                0x1c0 (size before relaxing)
 .debug_str     0x000004a0       0x35 d:/program files/atmel/winavr/bin/../lib/gcc/avr/4.3.3/avr51\libgcc.a(_div_sf.o)
                                0x1c9 (size before relaxing)
 .debug_str     0x000004d5        0x8 d:/program files/atmel/winavr/bin/../lib/gcc/avr/4.3.3/avr51\libgcc.a(_ge_sf.o)
                                0x196 (size before relaxing)
 .debug_str     0x000004dd        0xa d:/program files/atmel/winavr/bin/../lib/gcc/avr/4.3.3/avr51\libgcc.a(_sf_to_si.o)
                                0x19f (size before relaxing)
 .debug_str     0x00000000      0x104 d:/program files/atmel/winavr/bin/../lib/gcc/avr/4.3.3/avr51\libgcc.a(_thenan_sf.o)
 .debug_str     0x000004e7       0x21 d:/program files/atmel/winavr/bin/../lib/gcc/avr/4.3.3/avr51\libgcc.a(_usi_to_sf.o)
                                0x178 (size before relaxing)
 .debug_str     0x00000508       0x20 d:/program files/atmel/winavr/bin/../lib/gcc/avr/4.3.3/avr51\libgcc.a(_clzsi2.o)
                                0x112 (size before relaxing)
 .debug_str     0x00000528       0x10 d:/program files/atmel/winavr/bin/../lib/gcc/avr/4.3.3/avr51\libgcc.a(_pack_sf.o)
                                0x19e (size before relaxing)
 .debug_str     0x00000538        0xb d:/program files/atmel/winavr/bin/../lib/gcc/avr/4.3.3/avr51\libgcc.a(_unpack_sf.o)
                                0x180 (size before relaxing)
 .debug_str     0x00000543       0x10 d:/program files/atmel/winavr/bin/../lib/gcc/avr/4.3.3/avr51\libgcc.a(_fpcmp_parts_sf.o)
                                0x164 (size before relaxing)
 .debug_str     0x00000000       0xf5 d:/program files/atmel/winavr/bin/../lib/gcc/avr/4.3.3/avr51\libgcc.a(_clz.o)

.debug_loc      0x00000000     0x1990
 *(.debug_loc)
 .debug_loc     0x00000000     0x109a main.o
 .debug_loc     0x0000109a       0x34 d:/program files/atmel/winavr/bin/../lib/gcc/avr/4.3.3/avr51\libgcc.a(_fixunssfsi.o)
 .debug_loc     0x000010ce      0x32a d:/program files/atmel/winavr/bin/../lib/gcc/avr/4.3.3/avr51\libgcc.a(_addsub_sf.o)
 .debug_loc     0x000013f8      0x104 d:/program files/atmel/winavr/bin/../lib/gcc/avr/4.3.3/avr51\libgcc.a(_mul_sf.o)
 .debug_loc     0x000014fc       0xc0 d:/program files/atmel/winavr/bin/../lib/gcc/avr/4.3.3/avr51\libgcc.a(_div_sf.o)
 .debug_loc     0x000015bc       0x3c d:/program files/atmel/winavr/bin/../lib/gcc/avr/4.3.3/avr51\libgcc.a(_ge_sf.o)
 .debug_loc     0x000015f8       0x7e d:/program files/atmel/winavr/bin/../lib/gcc/avr/4.3.3/avr51\libgcc.a(_sf_to_si.o)
 .debug_loc     0x00001676       0x4c d:/program files/atmel/winavr/bin/../lib/gcc/avr/4.3.3/avr51\libgcc.a(_usi_to_sf.o)
 .debug_loc     0x000016c2       0x94 d:/program files/atmel/winavr/bin/../lib/gcc/avr/4.3.3/avr51\libgcc.a(_clzsi2.o)
 .debug_loc     0x00001756      0x13e d:/program files/atmel/winavr/bin/../lib/gcc/avr/4.3.3/avr51\libgcc.a(_pack_sf.o)
 .debug_loc     0x00001894       0xac d:/program files/atmel/winavr/bin/../lib/gcc/avr/4.3.3/avr51\libgcc.a(_unpack_sf.o)
 .debug_loc     0x00001940       0x50 d:/program files/atmel/winavr/bin/../lib/gcc/avr/4.3.3/avr51\libgcc.a(_fpcmp_parts_sf.o)

.debug_macinfo
 *(.debug_macinfo)
OUTPUT(TFT_3.elf elf32-avr)
LOAD linker stubs

.debug_ranges   0x00000000      0x128
 .debug_ranges  0x00000000       0xd8 main.o
 .debug_ranges  0x000000d8       0x50 d:/program files/atmel/winavr/bin/../lib/gcc/avr/4.3.3/avr51\libgcc.a(_mul_sf.o)
