Archive member included because of file (symbol)

f:/program files/atmel/gcc/bin/../lib/gcc/avr/4.3.2/avr51\libgcc.a(_udivmodqi4.o)
                              EEPROM.o (__udivmodqi4)
f:/program files/atmel/gcc/bin/../lib/gcc/avr/4.3.2/avr51\libgcc.a(_udivmodhi4.o)
                              EEPROM.o (__udivmodhi4)
f:/program files/atmel/gcc/bin/../lib/gcc/avr/4.3.2/avr51\libgcc.a(_exit.o)
                              f:/program files/atmel/gcc/bin/../lib/gcc/avr/4.3.2/../../../../avr/lib/avr51/crtm128.o (exit)
f:/program files/atmel/gcc/bin/../lib/gcc/avr/4.3.2/avr51\libgcc.a(_clear_bss.o)
                              EEPROM.o (__do_clear_bss)

Allocating common symbols
Common symbol       size              file

A3                  0x2               EEPROM.o
A2                  0x2               EEPROM.o
A1                  0x2               EEPROM.o

Memory Configuration

Name             Origin             Length             Attributes
text             0x00000000         0x00020000         xr
data             0x00800060         0x0000ffa0         rw !x
eeprom           0x00810000         0x00010000         rw !x
fuse             0x00820000         0x00000400         rw !x
lock             0x00830000         0x00000400         rw !x
signature        0x00840000         0x00000400         rw !x
*default*        0x00000000         0xffffffff

Linker script and memory map

Address of section .data set to 0x800100
LOAD f:/program files/atmel/gcc/bin/../lib/gcc/avr/4.3.2/../../../../avr/lib/avr51/crtm128.o
LOAD EEPROM.o
LOAD f:/program files/atmel/gcc/bin/../lib/gcc/avr/4.3.2/avr51\libgcc.a
LOAD f:/program files/atmel/gcc/bin/../lib/gcc/avr/4.3.2/../../../../avr/lib/avr51\libc.a
LOAD f:/program files/atmel/gcc/bin/../lib/gcc/avr/4.3.2/avr51\libgcc.a

.hash
 *(.hash)

.dynsym
 *(.dynsym)

.dynstr
 *(.dynstr)

.gnu.version
 *(.gnu.version)

.gnu.version_d
 *(.gnu.version_d)

.gnu.version_r
 *(.gnu.version_r)

.rel.init
 *(.rel.init)

.rela.init
 *(.rela.init)

.rel.text
 *(.rel.text)
 *(.rel.text.*)
 *(.rel.gnu.linkonce.t*)

.rela.text
 *(.rela.text)
 *(.rela.text.*)
 *(.rela.gnu.linkonce.t*)

.rel.fini
 *(.rel.fini)

.rela.fini
 *(.rela.fini)

.rel.rodata
 *(.rel.rodata)
 *(.rel.rodata.*)
 *(.rel.gnu.linkonce.r*)

.rela.rodata
 *(.rela.rodata)
 *(.rela.rodata.*)
 *(.rela.gnu.linkonce.r*)

.rel.data
 *(.rel.data)
 *(.rel.data.*)
 *(.rel.gnu.linkonce.d*)

.rela.data
 *(.rela.data)
 *(.rela.data.*)
 *(.rela.gnu.linkonce.d*)

.rel.ctors
 *(.rel.ctors)

.rela.ctors
 *(.rela.ctors)

.rel.dtors
 *(.rel.dtors)

.rela.dtors
 *(.rela.dtors)

.rel.got
 *(.rel.got)

.rela.got
 *(.rela.got)

.rel.bss
 *(.rel.bss)

.rela.bss
 *(.rela.bss)

.rel.plt
 *(.rel.plt)

.rela.plt
 *(.rela.plt)

.text           0x00000000      0x2b4
 *(.vectors)
 .vectors       0x00000000       0x8c f:/program files/atmel/gcc/bin/../lib/gcc/avr/4.3.2/../../../../avr/lib/avr51/crtm128.o
                0x00000000                __vectors
                0x00000000                __vector_default
 *(.vectors)
 *(.progmem.gcc*)
 *(.progmem*)
                0x0000008c                . = ALIGN (0x2)
                0x0000008c                __trampolines_start = .
 *(.trampolines)
 .trampolines   0x0000008c        0x0 linker stubs
 *(.trampolines*)
                0x0000008c                __trampolines_end = .
 *(.jumptables)
 *(.jumptables*)
 *(.lowtext)
 *(.lowtext*)
                0x0000008c                __ctors_start = .
 *(.ctors)
                0x0000008c                __ctors_end = .
                0x0000008c                __dtors_start = .
 *(.dtors)
                0x0000008c                __dtors_end = .
 SORT(*)(.ctors)
 SORT(*)(.dtors)
 *(.init0)
 .init0         0x0000008c        0x0 f:/program files/atmel/gcc/bin/../lib/gcc/avr/4.3.2/../../../../avr/lib/avr51/crtm128.o
                0x0000008c                __init
 *(.init0)
 *(.init1)
 *(.init1)
 *(.init2)
 .init2         0x0000008c        0xc f:/program files/atmel/gcc/bin/../lib/gcc/avr/4.3.2/../../../../avr/lib/avr51/crtm128.o
 *(.init2)
 *(.init3)
 *(.init3)
 *(.init4)
 .init4         0x00000098       0x1a f:/program files/atmel/gcc/bin/../lib/gcc/avr/4.3.2/../../../../avr/lib/avr51/crtm128.o
                0x00000098                __do_copy_data
 .init4         0x000000b2       0x10 f:/program files/atmel/gcc/bin/../lib/gcc/avr/4.3.2/avr51\libgcc.a(_clear_bss.o)
                0x000000b2                __do_clear_bss
 *(.init4)
 *(.init5)
 *(.init5)
 *(.init6)
 *(.init6)
 *(.init7)
 *(.init7)
 *(.init8)
 *(.init8)
 *(.init9)
 .init9         0x000000c2        0x8 f:/program files/atmel/gcc/bin/../lib/gcc/avr/4.3.2/../../../../avr/lib/avr51/crtm128.o
 *(.init9)
 *(.text)
 .text          0x000000ca        0x4 f:/program files/atmel/gcc/bin/../lib/gcc/avr/4.3.2/../../../../avr/lib/avr51/crtm128.o
                0x000000ca                __vector_22
                0x000000ca                __vector_28
                0x000000ca                __vector_1
                0x000000ca                __vector_32
                0x000000ca                __vector_34
                0x000000ca                __vector_24
                0x000000ca                __vector_12
                0x000000ca                __bad_interrupt
                0x000000ca                __vector_6
                0x000000ca                __vector_31
                0x000000ca                __vector_3
                0x000000ca                __vector_23
                0x000000ca                __vector_30
                0x000000ca                __vector_25
                0x000000ca                __vector_11
                0x000000ca                __vector_13
                0x000000ca                __vector_17
                0x000000ca                __vector_19
                0x000000ca                __vector_7
                0x000000ca                __vector_27
                0x000000ca                __vector_5
                0x000000ca                __vector_33
                0x000000ca                __vector_4
                0x000000ca                __vector_9
                0x000000ca                __vector_2
                0x000000ca                __vector_21
                0x000000ca                __vector_15
                0x000000ca                __vector_29
                0x000000ca                __vector_8
                0x000000ca                __vector_26
                0x000000ca                __vector_14
                0x000000ca                __vector_10
                0x000000ca                __vector_16
                0x000000ca                __vector_18
                0x000000ca                __vector_20
 .text          0x000000ce      0x1a2 EEPROM.o
                0x000001f2                eprom_write
                0x000000ce                system_init
                0x000001d2                eprom_read
                0x000000de                Display_EEPROM
                0x00000190                data_do
                0x00000216                main
 .text          0x00000270        0x0 f:/program files/atmel/gcc/bin/../lib/gcc/avr/4.3.2/avr51\libgcc.a(_udivmodqi4.o)
 .text          0x00000270        0x0 f:/program files/atmel/gcc/bin/../lib/gcc/avr/4.3.2/avr51\libgcc.a(_udivmodhi4.o)
 .text          0x00000270        0x0 f:/program files/atmel/gcc/bin/../lib/gcc/avr/4.3.2/avr51\libgcc.a(_exit.o)
 .text          0x00000270        0x0 f:/program files/atmel/gcc/bin/../lib/gcc/avr/4.3.2/avr51\libgcc.a(_clear_bss.o)
                0x00000270                . = ALIGN (0x2)
 *(.text.*)
 .text.libgcc   0x00000270       0x18 f:/program files/atmel/gcc/bin/../lib/gcc/avr/4.3.2/avr51\libgcc.a(_udivmodqi4.o)
                0x00000270                __udivmodqi4
 .text.libgcc   0x00000288       0x28 f:/program files/atmel/gcc/bin/../lib/gcc/avr/4.3.2/avr51\libgcc.a(_udivmodhi4.o)
                0x00000288                __udivmodhi4
 .text.libgcc   0x000002b0        0x0 f:/program files/atmel/gcc/bin/../lib/gcc/avr/4.3.2/avr51\libgcc.a(_exit.o)
 .text.libgcc   0x000002b0        0x0 f:/program files/atmel/gcc/bin/../lib/gcc/avr/4.3.2/avr51\libgcc.a(_clear_bss.o)
                0x000002b0                . = ALIGN (0x2)
 *(.fini9)
 .fini9         0x000002b0        0x0 f:/program files/atmel/gcc/bin/../lib/gcc/avr/4.3.2/avr51\libgcc.a(_exit.o)
                0x000002b0                exit
                0x000002b0                _exit
 *(.fini9)
 *(.fini8)
 *(.fini8)
 *(.fini7)
 *(.fini7)
 *(.fini6)
 *(.fini6)
 *(.fini5)
 *(.fini5)
 *(.fini4)
 *(.fini4)
 *(.fini3)
 *(.fini3)
 *(.fini2)
 *(.fini2)
 *(.fini1)
 *(.fini1)
 *(.fini0)
 .fini0         0x000002b0        0x4 f:/program files/atmel/gcc/bin/../lib/gcc/avr/4.3.2/avr51\libgcc.a(_exit.o)
 *(.fini0)
                0x000002b4                _etext = .

.data           0x00800100       0x10 load address 0x000002b4
                0x00800100                PROVIDE (__data_start, .)
 *(.data)
 .data          0x00800100        0x0 f:/program files/atmel/gcc/bin/../lib/gcc/avr/4.3.2/../../../../avr/lib/avr51/crtm128.o
 .data          0x00800100       0x10 EEPROM.o
                0x00800100                table
 .data          0x00800110        0x0 f:/program files/atmel/gcc/bin/../lib/gcc/avr/4.3.2/avr51\libgcc.a(_udivmodqi4.o)
 .data          0x00800110        0x0 f:/program files/atmel/gcc/bin/../lib/gcc/avr/4.3.2/avr51\libgcc.a(_udivmodhi4.o)
 .data          0x00800110        0x0 f:/program files/atmel/gcc/bin/../lib/gcc/avr/4.3.2/avr51\libgcc.a(_exit.o)
 .data          0x00800110        0x0 f:/program files/atmel/gcc/bin/../lib/gcc/avr/4.3.2/avr51\libgcc.a(_clear_bss.o)
 *(.data*)
 *(.rodata)
 *(.rodata*)
 *(.gnu.linkonce.d*)
                0x00800110                . = ALIGN (0x2)
                0x00800110                _edata = .
                0x00800110                PROVIDE (__data_end, .)

.bss            0x00800110        0x6
                0x00800110                PROVIDE (__bss_start, .)
 *(.bss)
 .bss           0x00800110        0x0 f:/program files/atmel/gcc/bin/../lib/gcc/avr/4.3.2/../../../../avr/lib/avr51/crtm128.o
 .bss           0x00800110        0x0 EEPROM.o
 .bss           0x00800110        0x0 f:/program files/atmel/gcc/bin/../lib/gcc/avr/4.3.2/avr51\libgcc.a(_udivmodqi4.o)
 .bss           0x00800110        0x0 f:/program files/atmel/gcc/bin/../lib/gcc/avr/4.3.2/avr51\libgcc.a(_udivmodhi4.o)
 .bss           0x00800110        0x0 f:/program files/atmel/gcc/bin/../lib/gcc/avr/4.3.2/avr51\libgcc.a(_exit.o)
 .bss           0x00800110        0x0 f:/program files/atmel/gcc/bin/../lib/gcc/avr/4.3.2/avr51\libgcc.a(_clear_bss.o)
 *(.bss*)
 *(COMMON)
 COMMON         0x00800110        0x6 EEPROM.o
                0x00800110                A3
                0x00800112                A2
                0x00800114                A1
                0x00800116                PROVIDE (__bss_end, .)
                0x000002b4                __data_load_start = LOADADDR (.data)
                0x000002c4                __data_load_end = (__data_load_start + SIZEOF (.data))

.noinit         0x00800116        0x0
                0x00800116                PROVIDE (__noinit_start, .)
 *(.noinit*)
                0x00800116                PROVIDE (__noinit_end, .)
                0x00800116                _end = .
                0x00800116                PROVIDE (__heap_start, .)

.eeprom         0x00810000        0x0
 *(.eeprom*)
                0x00810000                __eeprom_end = .

.fuse
 *(.fuse)
 *(.lfuse)
 *(.hfuse)
 *(.efuse)

.lock
 *(.lock*)

.signature
 *(.signature*)

.stab
 *(.stab)

.stabstr
 *(.stabstr)

.stab.excl
 *(.stab.excl)

.stab.exclstr
 *(.stab.exclstr)

.stab.index
 *(.stab.index)

.stab.indexstr
 *(.stab.indexstr)

.comment
 *(.comment)

.debug
 *(.debug)

.line
 *(.line)

.debug_srcinfo
 *(.debug_srcinfo)

.debug_sfnames
 *(.debug_sfnames)

.debug_aranges  0x00000000       0x20
 *(.debug_aranges)
 .debug_aranges
                0x00000000       0x20 EEPROM.o

.debug_pubnames
                0x00000000       0x88
 *(.debug_pubnames)
 .debug_pubnames
                0x00000000       0x88 EEPROM.o

.debug_info     0x00000000      0x3de
 *(.debug_info)
 .debug_info    0x00000000      0x3de EEPROM.o
 *(.gnu.linkonce.wi.*)

.debug_abbrev   0x00000000      0x1d8
 *(.debug_abbrev)
 .debug_abbrev  0x00000000      0x1d8 EEPROM.o

.debug_line     0x00000000      0x40d
 *(.debug_line)
 .debug_line    0x00000000      0x40d EEPROM.o

.debug_frame    0x00000000       0x70
 *(.debug_frame)
 .debug_frame   0x00000000       0x70 EEPROM.o

.debug_str      0x00000000      0x12b
 *(.debug_str)
 .debug_str     0x00000000      0x12b EEPROM.o
                                0x164 (size before relaxing)

.debug_loc      0x00000000      0x14e
 *(.debug_loc)
 .debug_loc     0x00000000      0x14e EEPROM.o

.debug_macinfo
 *(.debug_macinfo)
OUTPUT(EEPROM.elf elf32-avr)
LOAD linker stubs

.debug_ranges   0x00000000       0x48
 .debug_ranges  0x00000000       0x48 EEPROM.o
