Archive member included because of file (symbol)

f:/program files/atmel/gcc/bin/../lib/gcc/avr/4.3.2/avr51\libgcc.a(_mulsi3.o)
                              mmc.o (__mulsi3)
f:/program files/atmel/gcc/bin/../lib/gcc/avr/4.3.2/avr51\libgcc.a(_exit.o)
                              f:/program files/atmel/gcc/bin/../lib/gcc/avr/4.3.2/../../../../avr/lib/avr51/crtm128.o (exit)
f:/program files/atmel/gcc/bin/../lib/gcc/avr/4.3.2/avr51\libgcc.a(_clear_bss.o)
                              main.o (__do_clear_bss)
f:/program files/atmel/gcc/bin/../lib/gcc/avr/4.3.2/../../../../avr/lib/avr51\libc.a(iob.o)
                              uart.o (__iob)
f:/program files/atmel/gcc/bin/../lib/gcc/avr/4.3.2/../../../../avr/lib/avr51\libc.a(printf.o)
                              main.o (printf)
f:/program files/atmel/gcc/bin/../lib/gcc/avr/4.3.2/../../../../avr/lib/avr51\libc.a(putchar.o)
                              main.o (putchar)
f:/program files/atmel/gcc/bin/../lib/gcc/avr/4.3.2/../../../../avr/lib/avr51\libc.a(puts.o)
                              main.o (puts)
f:/program files/atmel/gcc/bin/../lib/gcc/avr/4.3.2/../../../../avr/lib/avr51\libc.a(scanf.o)
                              main.o (scanf)
f:/program files/atmel/gcc/bin/../lib/gcc/avr/4.3.2/../../../../avr/lib/avr51\libc.a(vfprintf_std.o)
                              f:/program files/atmel/gcc/bin/../lib/gcc/avr/4.3.2/../../../../avr/lib/avr51\libc.a(printf.o) (vfprintf)
f:/program files/atmel/gcc/bin/../lib/gcc/avr/4.3.2/../../../../avr/lib/avr51\libc.a(vfscanf_std.o)
                              f:/program files/atmel/gcc/bin/../lib/gcc/avr/4.3.2/../../../../avr/lib/avr51\libc.a(scanf.o) (vfscanf)
f:/program files/atmel/gcc/bin/../lib/gcc/avr/4.3.2/../../../../avr/lib/avr51\libc.a(isspace.o)
                              f:/program files/atmel/gcc/bin/../lib/gcc/avr/4.3.2/../../../../avr/lib/avr51\libc.a(vfscanf_std.o) (isspace)
f:/program files/atmel/gcc/bin/../lib/gcc/avr/4.3.2/../../../../avr/lib/avr51\libc.a(strchr_P.o)
                              f:/program files/atmel/gcc/bin/../lib/gcc/avr/4.3.2/../../../../avr/lib/avr51\libc.a(vfscanf_std.o) (strchr_P)
f:/program files/atmel/gcc/bin/../lib/gcc/avr/4.3.2/../../../../avr/lib/avr51\libc.a(strnlen_P.o)
                              f:/program files/atmel/gcc/bin/../lib/gcc/avr/4.3.2/../../../../avr/lib/avr51\libc.a(vfprintf_std.o) (strnlen_P)
f:/program files/atmel/gcc/bin/../lib/gcc/avr/4.3.2/../../../../avr/lib/avr51\libc.a(strnlen.o)
                              f:/program files/atmel/gcc/bin/../lib/gcc/avr/4.3.2/../../../../avr/lib/avr51\libc.a(vfprintf_std.o) (strnlen)
f:/program files/atmel/gcc/bin/../lib/gcc/avr/4.3.2/../../../../avr/lib/avr51\libc.a(fgetc.o)
                              f:/program files/atmel/gcc/bin/../lib/gcc/avr/4.3.2/../../../../avr/lib/avr51\libc.a(vfscanf_std.o) (fgetc)
f:/program files/atmel/gcc/bin/../lib/gcc/avr/4.3.2/../../../../avr/lib/avr51\libc.a(fputc.o)
                              f:/program files/atmel/gcc/bin/../lib/gcc/avr/4.3.2/../../../../avr/lib/avr51\libc.a(putchar.o) (fputc)
f:/program files/atmel/gcc/bin/../lib/gcc/avr/4.3.2/../../../../avr/lib/avr51\libc.a(ungetc.o)
                              f:/program files/atmel/gcc/bin/../lib/gcc/avr/4.3.2/../../../../avr/lib/avr51\libc.a(vfscanf_std.o) (ungetc)
f:/program files/atmel/gcc/bin/../lib/gcc/avr/4.3.2/../../../../avr/lib/avr51\libc.a(ultoa_invert.o)
                              f:/program files/atmel/gcc/bin/../lib/gcc/avr/4.3.2/../../../../avr/lib/avr51\libc.a(vfprintf_std.o) (__ultoa_invert)
f:/program files/atmel/gcc/bin/../lib/gcc/avr/4.3.2/../../../../avr/lib/avr51\libc.a(cty_isfalse.o)
                              f:/program files/atmel/gcc/bin/../lib/gcc/avr/4.3.2/../../../../avr/lib/avr51\libc.a(isspace.o) (__ctype_isfalse)
f:/program files/atmel/gcc/bin/../lib/gcc/avr/4.3.2/avr51\libgcc.a(_prologue.o)
                              f:/program files/atmel/gcc/bin/../lib/gcc/avr/4.3.2/../../../../avr/lib/avr51\libc.a(printf.o) (__prologue_saves__)
f:/program files/atmel/gcc/bin/../lib/gcc/avr/4.3.2/avr51\libgcc.a(_epilogue.o)
                              f:/program files/atmel/gcc/bin/../lib/gcc/avr/4.3.2/../../../../avr/lib/avr51\libc.a(printf.o) (__epilogue_restores__)

Allocating common symbols
Common symbol       size              file

spiTransferComplete
                    0x1               spi.o
buffer2             0x200             main.o
i                   0x2               main.o
SD_Size             0x4               main.o
__iob               0x6               f:/program files/atmel/gcc/bin/../lib/gcc/avr/4.3.2/../../../../avr/lib/avr51\libc.a(iob.o)

Memory Configuration

Name             Origin             Length             Attributes
text             0x00000000         0x00020000         xr
data             0x00800060         0x0000ffa0         rw !x
eeprom           0x00810000         0x00010000         rw !x
fuse             0x00820000         0x00000400         rw !x
lock             0x00830000         0x00000400         rw !x
signature        0x00840000         0x00000400         rw !x
*default*        0x00000000         0xffffffff

Linker script and memory map

Address of section .data set to 0x800100
LOAD f:/program files/atmel/gcc/bin/../lib/gcc/avr/4.3.2/../../../../avr/lib/avr51/crtm128.o
LOAD main.o
LOAD spi.o
LOAD mmc.o
LOAD uart.o
LOAD f:/program files/atmel/gcc/bin/../lib/gcc/avr/4.3.2/avr51\libgcc.a
LOAD f:/program files/atmel/gcc/bin/../lib/gcc/avr/4.3.2/../../../../avr/lib/avr51\libc.a
LOAD f:/program files/atmel/gcc/bin/../lib/gcc/avr/4.3.2/avr51\libgcc.a

.hash
 *(.hash)

.dynsym
 *(.dynsym)

.dynstr
 *(.dynstr)

.gnu.version
 *(.gnu.version)

.gnu.version_d
 *(.gnu.version_d)

.gnu.version_r
 *(.gnu.version_r)

.rel.init
 *(.rel.init)

.rela.init
 *(.rela.init)

.rel.text
 *(.rel.text)
 *(.rel.text.*)
 *(.rel.gnu.linkonce.t*)

.rela.text
 *(.rela.text)
 *(.rela.text.*)
 *(.rela.gnu.linkonce.t*)

.rel.fini
 *(.rel.fini)

.rela.fini
 *(.rela.fini)

.rel.rodata
 *(.rel.rodata)
 *(.rel.rodata.*)
 *(.rel.gnu.linkonce.r*)

.rela.rodata
 *(.rela.rodata)
 *(.rela.rodata.*)
 *(.rela.gnu.linkonce.r*)

.rel.data
 *(.rel.data)
 *(.rel.data.*)
 *(.rel.gnu.linkonce.d*)

.rela.data
 *(.rela.data)
 *(.rela.data.*)
 *(.rela.gnu.linkonce.d*)

.rel.ctors
 *(.rel.ctors)

.rela.ctors
 *(.rela.ctors)

.rel.dtors
 *(.rel.dtors)

.rela.dtors
 *(.rela.dtors)

.rel.got
 *(.rel.got)

.rela.got
 *(.rela.got)

.rel.bss
 *(.rel.bss)

.rela.bss
 *(.rela.bss)

.rel.plt
 *(.rel.plt)

.rela.plt
 *(.rela.plt)

.text           0x00000000     0x1484
 *(.vectors)
 .vectors       0x00000000       0x8c f:/program files/atmel/gcc/bin/../lib/gcc/avr/4.3.2/../../../../avr/lib/avr51/crtm128.o
                0x00000000                __vectors
                0x00000000                __vector_default
 *(.vectors)
 *(.progmem.gcc*)
 *(.progmem*)
 .progmem.data  0x0000008c        0xc f:/program files/atmel/gcc/bin/../lib/gcc/avr/4.3.2/../../../../avr/lib/avr51\libc.a(vfscanf_std.o)
                0x00000098                . = ALIGN (0x2)
                0x00000098                __trampolines_start = .
 *(.trampolines)
 .trampolines   0x00000098        0x0 linker stubs
 *(.trampolines*)
                0x00000098                __trampolines_end = .
 *(.jumptables)
 *(.jumptables*)
 *(.lowtext)
 *(.lowtext*)
                0x00000098                __ctors_start = .
 *(.ctors)
                0x00000098                __ctors_end = .
                0x00000098                __dtors_start = .
 *(.dtors)
                0x00000098                __dtors_end = .
 SORT(*)(.ctors)
 SORT(*)(.dtors)
 *(.init0)
 .init0         0x00000098        0x0 f:/program files/atmel/gcc/bin/../lib/gcc/avr/4.3.2/../../../../avr/lib/avr51/crtm128.o
                0x00000098                __init
 *(.init0)
 *(.init1)
 *(.init1)
 *(.init2)
 .init2         0x00000098        0xc f:/program files/atmel/gcc/bin/../lib/gcc/avr/4.3.2/../../../../avr/lib/avr51/crtm128.o
 *(.init2)
 *(.init3)
 *(.init3)
 *(.init4)
 .init4         0x000000a4       0x1a f:/program files/atmel/gcc/bin/../lib/gcc/avr/4.3.2/../../../../avr/lib/avr51/crtm128.o
                0x000000a4                __do_copy_data
 .init4         0x000000be       0x10 f:/program files/atmel/gcc/bin/../lib/gcc/avr/4.3.2/avr51\libgcc.a(_clear_bss.o)
                0x000000be                __do_clear_bss
 *(.init4)
 *(.init5)
 *(.init5)
 *(.init6)
 *(.init6)
 *(.init7)
 *(.init7)
 *(.init8)
 *(.init8)
 *(.init9)
 .init9         0x000000ce        0x8 f:/program files/atmel/gcc/bin/../lib/gcc/avr/4.3.2/../../../../avr/lib/avr51/crtm128.o
 *(.init9)
 *(.text)
 .text          0x000000d6        0x4 f:/program files/atmel/gcc/bin/../lib/gcc/avr/4.3.2/../../../../avr/lib/avr51/crtm128.o
                0x000000d6                __vector_22
                0x000000d6                __vector_28
                0x000000d6                __vector_1
                0x000000d6                __vector_32
                0x000000d6                __vector_34
                0x000000d6                __vector_24
                0x000000d6                __vector_12
                0x000000d6                __bad_interrupt
                0x000000d6                __vector_6
                0x000000d6                __vector_31
                0x000000d6                __vector_3
                0x000000d6                __vector_23
                0x000000d6                __vector_30
                0x000000d6                __vector_25
                0x000000d6                __vector_11
                0x000000d6                __vector_13
                0x000000d6                __vector_17
                0x000000d6                __vector_19
                0x000000d6                __vector_7
                0x000000d6                __vector_27
                0x000000d6                __vector_5
                0x000000d6                __vector_33
                0x000000d6                __vector_4
                0x000000d6                __vector_9
                0x000000d6                __vector_2
                0x000000d6                __vector_21
                0x000000d6                __vector_15
                0x000000d6                __vector_29
                0x000000d6                __vector_8
                0x000000d6                __vector_26
                0x000000d6                __vector_14
                0x000000d6                __vector_10
                0x000000d6                __vector_16
                0x000000d6                __vector_18
                0x000000d6                __vector_20
 .text          0x000000da      0x22e main.o
                0x000000fa                main
                0x000000da                LED_Off
 .text          0x00000308       0xc8 spi.o
                0x000003a6                spiTransferWord
                0x00000386                spiSendByte
                0x00000366                SPI_Low
                0x00000376                SPI_High
                0x00000308                spiInit
                0x00000396                spiTransferByte
 .text          0x000003d0      0x3d4 mmc.o
                0x000003d8                mmcCommand
                0x0000065e                mmcRead
                0x000003d0                McuInit
                0x00000436                mmcSendCommand
                0x00000700                mmcReset
                0x0000078a                mmcInit
                0x000005ba                mmcWrite
                0x00000458                mmcCapacity
 .text          0x000007a4       0x5c uart.o
                0x000007da                UART_Init
 .text          0x00000800        0x0 f:/program files/atmel/gcc/bin/../lib/gcc/avr/4.3.2/avr51\libgcc.a(_mulsi3.o)
 .text          0x00000800        0x0 f:/program files/atmel/gcc/bin/../lib/gcc/avr/4.3.2/avr51\libgcc.a(_exit.o)
 .text          0x00000800        0x0 f:/program files/atmel/gcc/bin/../lib/gcc/avr/4.3.2/avr51\libgcc.a(_clear_bss.o)
 .text          0x00000800        0x0 f:/program files/atmel/gcc/bin/../lib/gcc/avr/4.3.2/../../../../avr/lib/avr51\libc.a(iob.o)
 .text          0x00000800       0x2a f:/program files/atmel/gcc/bin/../lib/gcc/avr/4.3.2/../../../../avr/lib/avr51\libc.a(printf.o)
                0x00000800                printf
 .text          0x0000082a        0xe f:/program files/atmel/gcc/bin/../lib/gcc/avr/4.3.2/../../../../avr/lib/avr51\libc.a(putchar.o)
                0x0000082a                putchar
 .text          0x00000838       0x6a f:/program files/atmel/gcc/bin/../lib/gcc/avr/4.3.2/../../../../avr/lib/avr51\libc.a(puts.o)
                0x00000838                puts
 .text          0x000008a2       0x2a f:/program files/atmel/gcc/bin/../lib/gcc/avr/4.3.2/../../../../avr/lib/avr51\libc.a(scanf.o)
                0x000008a2                scanf
 .text          0x000008cc      0x3ba f:/program files/atmel/gcc/bin/../lib/gcc/avr/4.3.2/../../../../avr/lib/avr51\libc.a(vfprintf_std.o)
                0x000008cc                vfprintf
 .text          0x00000c86      0x52a f:/program files/atmel/gcc/bin/../lib/gcc/avr/4.3.2/../../../../avr/lib/avr51\libc.a(vfscanf_std.o)
                0x00000f8e                vfscanf
 .text          0x000011b0        0x0 f:/program files/atmel/gcc/bin/../lib/gcc/avr/4.3.2/../../../../avr/lib/avr51\libc.a(isspace.o)
 .text          0x000011b0       0x16 f:/program files/atmel/gcc/bin/../lib/gcc/avr/4.3.2/../../../../avr/lib/avr51\libc.a(strchr_P.o)
                0x000011b0                strchr_P
 .text          0x000011c6       0x16 f:/program files/atmel/gcc/bin/../lib/gcc/avr/4.3.2/../../../../avr/lib/avr51\libc.a(strnlen_P.o)
                0x000011c6                strnlen_P
 .text          0x000011dc       0x16 f:/program files/atmel/gcc/bin/../lib/gcc/avr/4.3.2/../../../../avr/lib/avr51\libc.a(strnlen.o)
                0x000011dc                strnlen
 .text          0x000011f2       0x84 f:/program files/atmel/gcc/bin/../lib/gcc/avr/4.3.2/../../../../avr/lib/avr51\libc.a(fgetc.o)
                0x000011f2                fgetc
 .text          0x00001276       0x58 f:/program files/atmel/gcc/bin/../lib/gcc/avr/4.3.2/../../../../avr/lib/avr51\libc.a(fputc.o)
                0x00001276                fputc
 .text          0x000012ce       0x34 f:/program files/atmel/gcc/bin/../lib/gcc/avr/4.3.2/../../../../avr/lib/avr51\libc.a(ungetc.o)
                0x000012ce                ungetc
 .text          0x00001302       0xbc f:/program files/atmel/gcc/bin/../lib/gcc/avr/4.3.2/../../../../avr/lib/avr51\libc.a(ultoa_invert.o)
                0x00001302                __ultoa_invert
 .text          0x000013be        0x0 f:/program files/atmel/gcc/bin/../lib/gcc/avr/4.3.2/../../../../avr/lib/avr51\libc.a(cty_isfalse.o)
 .text          0x000013be        0x0 f:/program files/atmel/gcc/bin/../lib/gcc/avr/4.3.2/avr51\libgcc.a(_prologue.o)
 .text          0x000013be        0x0 f:/program files/atmel/gcc/bin/../lib/gcc/avr/4.3.2/avr51\libgcc.a(_epilogue.o)
                0x000013be                . = ALIGN (0x2)
 *(.text.*)
 .text.libgcc   0x000013be       0x3e f:/program files/atmel/gcc/bin/../lib/gcc/avr/4.3.2/avr51\libgcc.a(_mulsi3.o)
                0x000013be                __mulsi3
 .text.libgcc   0x000013fc        0x0 f:/program files/atmel/gcc/bin/../lib/gcc/avr/4.3.2/avr51\libgcc.a(_exit.o)
 .text.libgcc   0x000013fc        0x0 f:/program files/atmel/gcc/bin/../lib/gcc/avr/4.3.2/avr51\libgcc.a(_clear_bss.o)
 .text.ctype    0x000013fc       0x10 f:/program files/atmel/gcc/bin/../lib/gcc/avr/4.3.2/../../../../avr/lib/avr51\libc.a(isspace.o)
                0x000013fc                isspace
 .text.ctype    0x0000140c        0x6 f:/program files/atmel/gcc/bin/../lib/gcc/avr/4.3.2/../../../../avr/lib/avr51\libc.a(cty_isfalse.o)
                0x00001410                __ctype_istrue
                0x0000140c                __ctype_isfalse
 .text.libgcc   0x00001412       0x38 f:/program files/atmel/gcc/bin/../lib/gcc/avr/4.3.2/avr51\libgcc.a(_prologue.o)
                0x00001412                __prologue_saves__
 .text.libgcc   0x0000144a       0x36 f:/program files/atmel/gcc/bin/../lib/gcc/avr/4.3.2/avr51\libgcc.a(_epilogue.o)
                0x0000144a                __epilogue_restores__
                0x00001480                . = ALIGN (0x2)
 *(.fini9)
 .fini9         0x00001480        0x0 f:/program files/atmel/gcc/bin/../lib/gcc/avr/4.3.2/avr51\libgcc.a(_exit.o)
                0x00001480                exit
                0x00001480                _exit
 *(.fini9)
 *(.fini8)
 *(.fini8)
 *(.fini7)
 *(.fini7)
 *(.fini6)
 *(.fini6)
 *(.fini5)
 *(.fini5)
 *(.fini4)
 *(.fini4)
 *(.fini3)
 *(.fini3)
 *(.fini2)
 *(.fini2)
 *(.fini1)
 *(.fini1)
 *(.fini0)
 .fini0         0x00001480        0x4 f:/program files/atmel/gcc/bin/../lib/gcc/avr/4.3.2/avr51\libgcc.a(_exit.o)
 *(.fini0)
                0x00001484                _etext = .

.data           0x00800100      0x184 load address 0x00001484
                0x00800100                PROVIDE (__data_start, .)
 *(.data)
 .data          0x00800100        0x0 f:/program files/atmel/gcc/bin/../lib/gcc/avr/4.3.2/../../../../avr/lib/avr51/crtm128.o
 .data          0x00800100      0x175 main.o
                0x00800270                sectorwr
                0x00800274                buffer1
 .data          0x00800275        0x0 spi.o
 .data          0x00800275        0x0 mmc.o
 .data          0x00800275        0xe uart.o
 .data          0x00800283        0x0 f:/program files/atmel/gcc/bin/../lib/gcc/avr/4.3.2/avr51\libgcc.a(_mulsi3.o)
 .data          0x00800283        0x0 f:/program files/atmel/gcc/bin/../lib/gcc/avr/4.3.2/avr51\libgcc.a(_exit.o)
 .data          0x00800283        0x0 f:/program files/atmel/gcc/bin/../lib/gcc/avr/4.3.2/avr51\libgcc.a(_clear_bss.o)
 .data          0x00800283        0x0 f:/program files/atmel/gcc/bin/../lib/gcc/avr/4.3.2/../../../../avr/lib/avr51\libc.a(iob.o)
 .data          0x00800283        0x0 f:/program files/atmel/gcc/bin/../lib/gcc/avr/4.3.2/../../../../avr/lib/avr51\libc.a(printf.o)
 .data          0x00800283        0x0 f:/program files/atmel/gcc/bin/../lib/gcc/avr/4.3.2/../../../../avr/lib/avr51\libc.a(putchar.o)
 .data          0x00800283        0x0 f:/program files/atmel/gcc/bin/../lib/gcc/avr/4.3.2/../../../../avr/lib/avr51\libc.a(puts.o)
 .data          0x00800283        0x0 f:/program files/atmel/gcc/bin/../lib/gcc/avr/4.3.2/../../../../avr/lib/avr51\libc.a(scanf.o)
 .data          0x00800283        0x0 f:/program files/atmel/gcc/bin/../lib/gcc/avr/4.3.2/../../../../avr/lib/avr51\libc.a(vfprintf_std.o)
 .data          0x00800283        0x0 f:/program files/atmel/gcc/bin/../lib/gcc/avr/4.3.2/../../../../avr/lib/avr51\libc.a(vfscanf_std.o)
 .data          0x00800283        0x0 f:/program files/atmel/gcc/bin/../lib/gcc/avr/4.3.2/../../../../avr/lib/avr51\libc.a(isspace.o)
 .data          0x00800283        0x0 f:/program files/atmel/gcc/bin/../lib/gcc/avr/4.3.2/../../../../avr/lib/avr51\libc.a(strchr_P.o)
 .data          0x00800283        0x0 f:/program files/atmel/gcc/bin/../lib/gcc/avr/4.3.2/../../../../avr/lib/avr51\libc.a(strnlen_P.o)
 .data          0x00800283        0x0 f:/program files/atmel/gcc/bin/../lib/gcc/avr/4.3.2/../../../../avr/lib/avr51\libc.a(strnlen.o)
 .data          0x00800283        0x0 f:/program files/atmel/gcc/bin/../lib/gcc/avr/4.3.2/../../../../avr/lib/avr51\libc.a(fgetc.o)
 .data          0x00800283        0x0 f:/program files/atmel/gcc/bin/../lib/gcc/avr/4.3.2/../../../../avr/lib/avr51\libc.a(fputc.o)
 .data          0x00800283        0x0 f:/program files/atmel/gcc/bin/../lib/gcc/avr/4.3.2/../../../../avr/lib/avr51\libc.a(ungetc.o)
 .data          0x00800283        0x0 f:/program files/atmel/gcc/bin/../lib/gcc/avr/4.3.2/../../../../avr/lib/avr51\libc.a(ultoa_invert.o)
 .data          0x00800283        0x0 f:/program files/atmel/gcc/bin/../lib/gcc/avr/4.3.2/../../../../avr/lib/avr51\libc.a(cty_isfalse.o)
 .data          0x00800283        0x0 f:/program files/atmel/gcc/bin/../lib/gcc/avr/4.3.2/avr51\libgcc.a(_prologue.o)
 .data          0x00800283        0x0 f:/program files/atmel/gcc/bin/../lib/gcc/avr/4.3.2/avr51\libgcc.a(_epilogue.o)
 *(.data*)
 *(.rodata)
 *(.rodata*)
 *(.gnu.linkonce.d*)
                0x00800284                . = ALIGN (0x2)
 *fill*         0x00800283        0x1 00
                0x00800284                _edata = .
                0x00800284                PROVIDE (__data_end, .)

.bss            0x00800284      0x20d
                0x00800284                PROVIDE (__bss_start, .)
 *(.bss)
 .bss           0x00800284        0x0 f:/program files/atmel/gcc/bin/../lib/gcc/avr/4.3.2/../../../../avr/lib/avr51/crtm128.o
 .bss           0x00800284        0x0 main.o
 .bss           0x00800284        0x0 spi.o
 .bss           0x00800284        0x0 mmc.o
 .bss           0x00800284        0x0 uart.o
 .bss           0x00800284        0x0 f:/program files/atmel/gcc/bin/../lib/gcc/avr/4.3.2/avr51\libgcc.a(_mulsi3.o)
 .bss           0x00800284        0x0 f:/program files/atmel/gcc/bin/../lib/gcc/avr/4.3.2/avr51\libgcc.a(_exit.o)
 .bss           0x00800284        0x0 f:/program files/atmel/gcc/bin/../lib/gcc/avr/4.3.2/avr51\libgcc.a(_clear_bss.o)
 .bss           0x00800284        0x0 f:/program files/atmel/gcc/bin/../lib/gcc/avr/4.3.2/../../../../avr/lib/avr51\libc.a(iob.o)
 .bss           0x00800284        0x0 f:/program files/atmel/gcc/bin/../lib/gcc/avr/4.3.2/../../../../avr/lib/avr51\libc.a(printf.o)
 .bss           0x00800284        0x0 f:/program files/atmel/gcc/bin/../lib/gcc/avr/4.3.2/../../../../avr/lib/avr51\libc.a(putchar.o)
 .bss           0x00800284        0x0 f:/program files/atmel/gcc/bin/../lib/gcc/avr/4.3.2/../../../../avr/lib/avr51\libc.a(puts.o)
 .bss           0x00800284        0x0 f:/program files/atmel/gcc/bin/../lib/gcc/avr/4.3.2/../../../../avr/lib/avr51\libc.a(scanf.o)
 .bss           0x00800284        0x0 f:/program files/atmel/gcc/bin/../lib/gcc/avr/4.3.2/../../../../avr/lib/avr51\libc.a(vfprintf_std.o)
 .bss           0x00800284        0x0 f:/program files/atmel/gcc/bin/../lib/gcc/avr/4.3.2/../../../../avr/lib/avr51\libc.a(vfscanf_std.o)
 .bss           0x00800284        0x0 f:/program files/atmel/gcc/bin/../lib/gcc/avr/4.3.2/../../../../avr/lib/avr51\libc.a(isspace.o)
 .bss           0x00800284        0x0 f:/program files/atmel/gcc/bin/../lib/gcc/avr/4.3.2/../../../../avr/lib/avr51\libc.a(strchr_P.o)
 .bss           0x00800284        0x0 f:/program files/atmel/gcc/bin/../lib/gcc/avr/4.3.2/../../../../avr/lib/avr51\libc.a(strnlen_P.o)
 .bss           0x00800284        0x0 f:/program files/atmel/gcc/bin/../lib/gcc/avr/4.3.2/../../../../avr/lib/avr51\libc.a(strnlen.o)
 .bss           0x00800284        0x0 f:/program files/atmel/gcc/bin/../lib/gcc/avr/4.3.2/../../../../avr/lib/avr51\libc.a(fgetc.o)
 .bss           0x00800284        0x0 f:/program files/atmel/gcc/bin/../lib/gcc/avr/4.3.2/../../../../avr/lib/avr51\libc.a(fputc.o)
 .bss           0x00800284        0x0 f:/program files/atmel/gcc/bin/../lib/gcc/avr/4.3.2/../../../../avr/lib/avr51\libc.a(ungetc.o)
 .bss           0x00800284        0x0 f:/program files/atmel/gcc/bin/../lib/gcc/avr/4.3.2/../../../../avr/lib/avr51\libc.a(ultoa_invert.o)
 .bss           0x00800284        0x0 f:/program files/atmel/gcc/bin/../lib/gcc/avr/4.3.2/../../../../avr/lib/avr51\libc.a(cty_isfalse.o)
 .bss           0x00800284        0x0 f:/program files/atmel/gcc/bin/../lib/gcc/avr/4.3.2/avr51\libgcc.a(_prologue.o)
 .bss           0x00800284        0x0 f:/program files/atmel/gcc/bin/../lib/gcc/avr/4.3.2/avr51\libgcc.a(_epilogue.o)
 *(.bss*)
 *(COMMON)
 COMMON         0x00800284      0x206 main.o
                0x00800284                buffer2
                0x00800484                i
                0x00800486                SD_Size
 COMMON         0x0080048a        0x1 spi.o
                0x0080048a                spiTransferComplete
 COMMON         0x0080048b        0x6 f:/program files/atmel/gcc/bin/../lib/gcc/avr/4.3.2/../../../../avr/lib/avr51\libc.a(iob.o)
                0x0080048b                __iob
                0x00800491                PROVIDE (__bss_end, .)
                0x00001484                __data_load_start = LOADADDR (.data)
                0x00001608                __data_load_end = (__data_load_start + SIZEOF (.data))

.noinit         0x00800491        0x0
                0x00800491                PROVIDE (__noinit_start, .)
 *(.noinit*)
                0x00800491                PROVIDE (__noinit_end, .)
                0x00800491                _end = .
                0x00800491                PROVIDE (__heap_start, .)

.eeprom         0x00810000        0x0
 *(.eeprom*)
                0x00810000                __eeprom_end = .

.fuse
 *(.fuse)
 *(.lfuse)
 *(.hfuse)
 *(.efuse)

.lock
 *(.lock*)

.signature
 *(.signature*)

.stab
 *(.stab)

.stabstr
 *(.stabstr)

.stab.excl
 *(.stab.excl)

.stab.exclstr
 *(.stab.exclstr)

.stab.index
 *(.stab.index)

.stab.indexstr
 *(.stab.indexstr)

.comment
 *(.comment)

.debug
 *(.debug)

.line
 *(.line)

.debug_srcinfo
 *(.debug_srcinfo)

.debug_sfnames
 *(.debug_sfnames)

.debug_aranges  0x00000000       0x80
 *(.debug_aranges)
 .debug_aranges
                0x00000000       0x20 main.o
 .debug_aranges
                0x00000020       0x20 spi.o
 .debug_aranges
                0x00000040       0x20 mmc.o
 .debug_aranges
                0x00000060       0x20 uart.o

.debug_pubnames
                0x00000000      0x187
 *(.debug_pubnames)
 .debug_pubnames
                0x00000000       0x5e main.o
 .debug_pubnames
                0x0000005e       0x87 spi.o
 .debug_pubnames
                0x000000e5       0x82 mmc.o
 .debug_pubnames
                0x00000167       0x20 uart.o

.debug_info     0x00000000      0x89b
 *(.debug_info)
 .debug_info    0x00000000      0x288 main.o
 .debug_info    0x00000288      0x16b spi.o
 .debug_info    0x000003f3      0x2d6 mmc.o
 .debug_info    0x000006c9      0x1d2 uart.o
 *(.gnu.linkonce.wi.*)

.debug_abbrev   0x00000000      0x463
 *(.debug_abbrev)
 .debug_abbrev  0x00000000      0x17d main.o
 .debug_abbrev  0x0000017d       0xb2 spi.o
 .debug_abbrev  0x0000022f      0x118 mmc.o
 .debug_abbrev  0x00000347      0x11c uart.o

.debug_line     0x00000000      0x9c9
 *(.debug_line)
 .debug_line    0x00000000      0x2f5 main.o
 .debug_line    0x000002f5      0x1c0 spi.o
 .debug_line    0x000004b5      0x3ea mmc.o
 .debug_line    0x0000089f      0x12a uart.o

.debug_frame    0x00000000      0x170
 *(.debug_frame)
 .debug_frame   0x00000000       0x30 main.o
 .debug_frame   0x00000030       0x70 spi.o
 .debug_frame   0x000000a0       0x90 mmc.o
 .debug_frame   0x00000130       0x40 uart.o

.debug_str      0x00000000      0x264
 *(.debug_str)
 .debug_str     0x00000000      0x128 main.o
                                0x161 (size before relaxing)
 .debug_str     0x00000128       0x69 spi.o
                                0x14e (size before relaxing)
 .debug_str     0x00000191       0x6c mmc.o
                                0x15b (size before relaxing)
 .debug_str     0x000001fd       0x67 uart.o
                                0x12a (size before relaxing)

.debug_loc      0x00000000      0x4fb
 *(.debug_loc)
 .debug_loc     0x00000000       0x78 main.o
 .debug_loc     0x00000078       0x71 spi.o
 .debug_loc     0x000000e9      0x3b4 mmc.o
 .debug_loc     0x0000049d       0x5e uart.o

.debug_macinfo
 *(.debug_macinfo)
OUTPUT(MMC_SD.elf elf32-avr)
LOAD linker stubs

.debug_ranges   0x00000000       0x48
 .debug_ranges  0x00000000       0x48 main.o
