Archive member included because of file (symbol)

f:/program files/atmel/gcc/bin/../lib/gcc/avr/4.3.2/avr51\libgcc.a(_exit.o)
                              f:/program files/atmel/gcc/bin/../lib/gcc/avr/4.3.2/../../../../avr/lib/avr51/crtm128.o (exit)
f:/program files/atmel/gcc/bin/../lib/gcc/avr/4.3.2/avr51\libgcc.a(_clear_bss.o)
                              LCD12864_TUXING.o (__do_clear_bss)

Allocating common symbols
Common symbol       size              file

RamVar_1            0x200             LCD12864_TUXING.o

Memory Configuration

Name             Origin             Length             Attributes
text             0x00000000         0x00020000         xr
data             0x00800060         0x0000ffa0         rw !x
eeprom           0x00810000         0x00010000         rw !x
fuse             0x00820000         0x00000400         rw !x
lock             0x00830000         0x00000400         rw !x
signature        0x00840000         0x00000400         rw !x
*default*        0x00000000         0xffffffff

Linker script and memory map

Address of section .data set to 0x800100
LOAD f:/program files/atmel/gcc/bin/../lib/gcc/avr/4.3.2/../../../../avr/lib/avr51/crtm128.o
LOAD LCD12864_TUXING.o
LOAD f:/program files/atmel/gcc/bin/../lib/gcc/avr/4.3.2/avr51\libgcc.a
LOAD f:/program files/atmel/gcc/bin/../lib/gcc/avr/4.3.2/../../../../avr/lib/avr51\libc.a
LOAD f:/program files/atmel/gcc/bin/../lib/gcc/avr/4.3.2/avr51\libgcc.a

.hash
 *(.hash)

.dynsym
 *(.dynsym)

.dynstr
 *(.dynstr)

.gnu.version
 *(.gnu.version)

.gnu.version_d
 *(.gnu.version_d)

.gnu.version_r
 *(.gnu.version_r)

.rel.init
 *(.rel.init)

.rela.init
 *(.rela.init)

.rel.text
 *(.rel.text)
 *(.rel.text.*)
 *(.rel.gnu.linkonce.t*)

.rela.text
 *(.rela.text)
 *(.rela.text.*)
 *(.rela.gnu.linkonce.t*)

.rel.fini
 *(.rel.fini)

.rela.fini
 *(.rela.fini)

.rel.rodata
 *(.rel.rodata)
 *(.rel.rodata.*)
 *(.rel.gnu.linkonce.r*)

.rela.rodata
 *(.rela.rodata)
 *(.rela.rodata.*)
 *(.rela.gnu.linkonce.r*)

.rel.data
 *(.rel.data)
 *(.rel.data.*)
 *(.rel.gnu.linkonce.d*)

.rela.data
 *(.rela.data)
 *(.rela.data.*)
 *(.rela.gnu.linkonce.d*)

.rel.ctors
 *(.rel.ctors)

.rela.ctors
 *(.rela.ctors)

.rel.dtors
 *(.rel.dtors)

.rela.dtors
 *(.rela.dtors)

.rel.got
 *(.rel.got)

.rela.got
 *(.rela.got)

.rel.bss
 *(.rel.bss)

.rela.bss
 *(.rela.bss)

.rel.plt
 *(.rel.plt)

.rela.plt
 *(.rela.plt)

.text           0x00000000      0xe50
 *(.vectors)
 .vectors       0x00000000       0x8c f:/program files/atmel/gcc/bin/../lib/gcc/avr/4.3.2/../../../../avr/lib/avr51/crtm128.o
                0x00000000                __vectors
                0x00000000                __vector_default
 *(.vectors)
 *(.progmem.gcc*)
 *(.progmem*)
 .progmem.data  0x0000008c      0x811 LCD12864_TUXING.o
                0x0000049d                photo3
                0x0000008d                photo1
                0x0000008c                FlashConst
                0x0000069d                photo4
                0x0000029d                photo2
                0x0000089e                . = ALIGN (0x2)
 *fill*         0x0000089d        0x1 00
                0x0000089e                __trampolines_start = .
 *(.trampolines)
 .trampolines   0x0000089e        0x0 linker stubs
 *(.trampolines*)
                0x0000089e                __trampolines_end = .
 *(.jumptables)
 *(.jumptables*)
 *(.lowtext)
 *(.lowtext*)
                0x0000089e                __ctors_start = .
 *(.ctors)
                0x0000089e                __ctors_end = .
                0x0000089e                __dtors_start = .
 *(.dtors)
                0x0000089e                __dtors_end = .
 SORT(*)(.ctors)
 SORT(*)(.dtors)
 *(.init0)
 .init0         0x0000089e        0x0 f:/program files/atmel/gcc/bin/../lib/gcc/avr/4.3.2/../../../../avr/lib/avr51/crtm128.o
                0x0000089e                __init
 *(.init0)
 *(.init1)
 *(.init1)
 *(.init2)
 .init2         0x0000089e        0xc f:/program files/atmel/gcc/bin/../lib/gcc/avr/4.3.2/../../../../avr/lib/avr51/crtm128.o
 *(.init2)
 *(.init3)
 *(.init3)
 *(.init4)
 .init4         0x000008aa       0x1a f:/program files/atmel/gcc/bin/../lib/gcc/avr/4.3.2/../../../../avr/lib/avr51/crtm128.o
                0x000008aa                __do_copy_data
 .init4         0x000008c4       0x10 f:/program files/atmel/gcc/bin/../lib/gcc/avr/4.3.2/avr51\libgcc.a(_clear_bss.o)
                0x000008c4                __do_clear_bss
 *(.init4)
 *(.init5)
 *(.init5)
 *(.init6)
 *(.init6)
 *(.init7)
 *(.init7)
 *(.init8)
 *(.init8)
 *(.init9)
 .init9         0x000008d4        0x8 f:/program files/atmel/gcc/bin/../lib/gcc/avr/4.3.2/../../../../avr/lib/avr51/crtm128.o
 *(.init9)
 *(.text)
 .text          0x000008dc        0x4 f:/program files/atmel/gcc/bin/../lib/gcc/avr/4.3.2/../../../../avr/lib/avr51/crtm128.o
                0x000008dc                __vector_22
                0x000008dc                __vector_28
                0x000008dc                __vector_1
                0x000008dc                __vector_32
                0x000008dc                __vector_34
                0x000008dc                __vector_24
                0x000008dc                __vector_12
                0x000008dc                __bad_interrupt
                0x000008dc                __vector_6
                0x000008dc                __vector_31
                0x000008dc                __vector_3
                0x000008dc                __vector_23
                0x000008dc                __vector_30
                0x000008dc                __vector_25
                0x000008dc                __vector_11
                0x000008dc                __vector_13
                0x000008dc                __vector_17
                0x000008dc                __vector_19
                0x000008dc                __vector_7
                0x000008dc                __vector_27
                0x000008dc                __vector_5
                0x000008dc                __vector_33
                0x000008dc                __vector_4
                0x000008dc                __vector_9
                0x000008dc                __vector_2
                0x000008dc                __vector_21
                0x000008dc                __vector_15
                0x000008dc                __vector_29
                0x000008dc                __vector_8
                0x000008dc                __vector_26
                0x000008dc                __vector_14
                0x000008dc                __vector_10
                0x000008dc                __vector_16
                0x000008dc                __vector_18
                0x000008dc                __vector_20
 .text          0x000008e0      0x56c LCD12864_TUXING.o
                0x0000097e                DisplayCgrom
                0x0000094c                LCD_clear
                0x000008fc                LCD_write_com
                0x000008e0                system_init
                0x000009f6                LCD_init
                0x00000c00                Display_photo2
                0x00000d20                main
                0x00000aa2                Display_photo1
                0x00000924                LCD_write_data
 .text          0x00000e4c        0x0 f:/program files/atmel/gcc/bin/../lib/gcc/avr/4.3.2/avr51\libgcc.a(_exit.o)
 .text          0x00000e4c        0x0 f:/program files/atmel/gcc/bin/../lib/gcc/avr/4.3.2/avr51\libgcc.a(_clear_bss.o)
                0x00000e4c                . = ALIGN (0x2)
 *(.text.*)
 .text.libgcc   0x00000e4c        0x0 f:/program files/atmel/gcc/bin/../lib/gcc/avr/4.3.2/avr51\libgcc.a(_exit.o)
 .text.libgcc   0x00000e4c        0x0 f:/program files/atmel/gcc/bin/../lib/gcc/avr/4.3.2/avr51\libgcc.a(_clear_bss.o)
                0x00000e4c                . = ALIGN (0x2)
 *(.fini9)
 .fini9         0x00000e4c        0x0 f:/program files/atmel/gcc/bin/../lib/gcc/avr/4.3.2/avr51\libgcc.a(_exit.o)
                0x00000e4c                exit
                0x00000e4c                _exit
 *(.fini9)
 *(.fini8)
 *(.fini8)
 *(.fini7)
 *(.fini7)
 *(.fini6)
 *(.fini6)
 *(.fini5)
 *(.fini5)
 *(.fini4)
 *(.fini4)
 *(.fini3)
 *(.fini3)
 *(.fini2)
 *(.fini2)
 *(.fini1)
 *(.fini1)
 *(.fini0)
 .fini0         0x00000e4c        0x4 f:/program files/atmel/gcc/bin/../lib/gcc/avr/4.3.2/avr51\libgcc.a(_exit.o)
 *(.fini0)
                0x00000e50                _etext = .

.data           0x00800100        0x0 load address 0x00000e50
                0x00800100                PROVIDE (__data_start, .)
 *(.data)
 .data          0x00800100        0x0 f:/program files/atmel/gcc/bin/../lib/gcc/avr/4.3.2/../../../../avr/lib/avr51/crtm128.o
 .data          0x00800100        0x0 LCD12864_TUXING.o
 .data          0x00800100        0x0 f:/program files/atmel/gcc/bin/../lib/gcc/avr/4.3.2/avr51\libgcc.a(_exit.o)
 .data          0x00800100        0x0 f:/program files/atmel/gcc/bin/../lib/gcc/avr/4.3.2/avr51\libgcc.a(_clear_bss.o)
 *(.data*)
 *(.rodata)
 *(.rodata*)
 *(.gnu.linkonce.d*)
                0x00800100                . = ALIGN (0x2)
                0x00800100                _edata = .
                0x00800100                PROVIDE (__data_end, .)

.bss            0x00800100      0x200
                0x00800100                PROVIDE (__bss_start, .)
 *(.bss)
 .bss           0x00800100        0x0 f:/program files/atmel/gcc/bin/../lib/gcc/avr/4.3.2/../../../../avr/lib/avr51/crtm128.o
 .bss           0x00800100        0x0 LCD12864_TUXING.o
 .bss           0x00800100        0x0 f:/program files/atmel/gcc/bin/../lib/gcc/avr/4.3.2/avr51\libgcc.a(_exit.o)
 .bss           0x00800100        0x0 f:/program files/atmel/gcc/bin/../lib/gcc/avr/4.3.2/avr51\libgcc.a(_clear_bss.o)
 *(.bss*)
 *(COMMON)
 COMMON         0x00800100      0x200 LCD12864_TUXING.o
                0x00800100                RamVar_1
                0x00800300                PROVIDE (__bss_end, .)
                0x00000e50                __data_load_start = LOADADDR (.data)
                0x00000e50                __data_load_end = (__data_load_start + SIZEOF (.data))

.noinit         0x00800300        0x0
                0x00800300                PROVIDE (__noinit_start, .)
 *(.noinit*)
                0x00800300                PROVIDE (__noinit_end, .)
                0x00800300                _end = .
                0x00800300                PROVIDE (__heap_start, .)

.eeprom         0x00810000        0x0
 *(.eeprom*)
                0x00810000                __eeprom_end = .

.fuse
 *(.fuse)
 *(.lfuse)
 *(.hfuse)
 *(.efuse)

.lock
 *(.lock*)

.signature
 *(.signature*)

.stab
 *(.stab)

.stabstr
 *(.stabstr)

.stab.excl
 *(.stab.excl)

.stab.exclstr
 *(.stab.exclstr)

.stab.index
 *(.stab.index)

.stab.indexstr
 *(.stab.indexstr)

.comment
 *(.comment)

.debug
 *(.debug)

.line
 *(.line)

.debug_srcinfo
 *(.debug_srcinfo)

.debug_sfnames
 *(.debug_sfnames)

.debug_aranges  0x00000000       0x20
 *(.debug_aranges)
 .debug_aranges
                0x00000000       0x20 LCD12864_TUXING.o

.debug_pubnames
                0x00000000       0xea
 *(.debug_pubnames)
 .debug_pubnames
                0x00000000       0xea LCD12864_TUXING.o

.debug_info     0x00000000      0xe17
 *(.debug_info)
 .debug_info    0x00000000      0xe17 LCD12864_TUXING.o
 *(.gnu.linkonce.wi.*)

.debug_abbrev   0x00000000      0x224
 *(.debug_abbrev)
 .debug_abbrev  0x00000000      0x224 LCD12864_TUXING.o

.debug_line     0x00000000      0x8fd
 *(.debug_line)
 .debug_line    0x00000000      0x8fd LCD12864_TUXING.o

.debug_frame    0x00000000       0xa0
 *(.debug_frame)
 .debug_frame   0x00000000       0xa0 LCD12864_TUXING.o

.debug_str      0x00000000      0x19b
 *(.debug_str)
 .debug_str     0x00000000      0x19b LCD12864_TUXING.o
                                0x1e7 (size before relaxing)

.debug_loc      0x00000000      0x568
 *(.debug_loc)
 .debug_loc     0x00000000      0x568 LCD12864_TUXING.o

.debug_macinfo
 *(.debug_macinfo)
OUTPUT(LCD12864_TUXING.elf elf32-avr)
LOAD linker stubs

.debug_ranges   0x00000000      0x258
 .debug_ranges  0x00000000      0x258 LCD12864_TUXING.o
