Archive member included because of file (symbol)

f:/program files/atmel/gcc/bin/../lib/gcc/avr/4.3.2/avr51\libgcc.a(_exit.o)
                              f:/program files/atmel/gcc/bin/../lib/gcc/avr/4.3.2/../../../../avr/lib/avr51/crtm128.o (exit)
f:/program files/atmel/gcc/bin/../lib/gcc/avr/4.3.2/avr51\libgcc.a(_clear_bss.o)
                              PWM_DA.o (__do_clear_bss)

Memory Configuration

Name             Origin             Length             Attributes
text             0x00000000         0x00020000         xr
data             0x00800060         0x0000ffa0         rw !x
eeprom           0x00810000         0x00010000         rw !x
fuse             0x00820000         0x00000400         rw !x
lock             0x00830000         0x00000400         rw !x
signature        0x00840000         0x00000400         rw !x
*default*        0x00000000         0xffffffff

Linker script and memory map

Address of section .data set to 0x800100
LOAD f:/program files/atmel/gcc/bin/../lib/gcc/avr/4.3.2/../../../../avr/lib/avr51/crtm128.o
LOAD PWM_DA.o
LOAD f:/program files/atmel/gcc/bin/../lib/gcc/avr/4.3.2/avr51\libgcc.a
LOAD f:/program files/atmel/gcc/bin/../lib/gcc/avr/4.3.2/../../../../avr/lib/avr51\libc.a
LOAD f:/program files/atmel/gcc/bin/../lib/gcc/avr/4.3.2/avr51\libgcc.a

.hash
 *(.hash)

.dynsym
 *(.dynsym)

.dynstr
 *(.dynstr)

.gnu.version
 *(.gnu.version)

.gnu.version_d
 *(.gnu.version_d)

.gnu.version_r
 *(.gnu.version_r)

.rel.init
 *(.rel.init)

.rela.init
 *(.rela.init)

.rel.text
 *(.rel.text)
 *(.rel.text.*)
 *(.rel.gnu.linkonce.t*)

.rela.text
 *(.rela.text)
 *(.rela.text.*)
 *(.rela.gnu.linkonce.t*)

.rel.fini
 *(.rel.fini)

.rela.fini
 *(.rela.fini)

.rel.rodata
 *(.rel.rodata)
 *(.rel.rodata.*)
 *(.rel.gnu.linkonce.r*)

.rela.rodata
 *(.rela.rodata)
 *(.rela.rodata.*)
 *(.rela.gnu.linkonce.r*)

.rel.data
 *(.rel.data)
 *(.rel.data.*)
 *(.rel.gnu.linkonce.d*)

.rela.data
 *(.rela.data)
 *(.rela.data.*)
 *(.rela.gnu.linkonce.d*)

.rel.ctors
 *(.rel.ctors)

.rela.ctors
 *(.rela.ctors)

.rel.dtors
 *(.rel.dtors)

.rela.dtors
 *(.rela.dtors)

.rel.got
 *(.rel.got)

.rela.got
 *(.rela.got)

.rel.bss
 *(.rel.bss)

.rela.bss
 *(.rela.bss)

.rel.plt
 *(.rel.plt)

.rela.plt
 *(.rela.plt)

.text           0x00000000      0x158
 *(.vectors)
 .vectors       0x00000000       0x8c f:/program files/atmel/gcc/bin/../lib/gcc/avr/4.3.2/../../../../avr/lib/avr51/crtm128.o
                0x00000000                __vectors
                0x00000000                __vector_default
 *(.vectors)
 *(.progmem.gcc*)
 *(.progmem*)
                0x0000008c                . = ALIGN (0x2)
                0x0000008c                __trampolines_start = .
 *(.trampolines)
 .trampolines   0x0000008c        0x0 linker stubs
 *(.trampolines*)
                0x0000008c                __trampolines_end = .
 *(.jumptables)
 *(.jumptables*)
 *(.lowtext)
 *(.lowtext*)
                0x0000008c                __ctors_start = .
 *(.ctors)
                0x0000008c                __ctors_end = .
                0x0000008c                __dtors_start = .
 *(.dtors)
                0x0000008c                __dtors_end = .
 SORT(*)(.ctors)
 SORT(*)(.dtors)
 *(.init0)
 .init0         0x0000008c        0x0 f:/program files/atmel/gcc/bin/../lib/gcc/avr/4.3.2/../../../../avr/lib/avr51/crtm128.o
                0x0000008c                __init
 *(.init0)
 *(.init1)
 *(.init1)
 *(.init2)
 .init2         0x0000008c        0xc f:/program files/atmel/gcc/bin/../lib/gcc/avr/4.3.2/../../../../avr/lib/avr51/crtm128.o
 *(.init2)
 *(.init3)
 *(.init3)
 *(.init4)
 .init4         0x00000098       0x1a f:/program files/atmel/gcc/bin/../lib/gcc/avr/4.3.2/../../../../avr/lib/avr51/crtm128.o
                0x00000098                __do_copy_data
 .init4         0x000000b2       0x10 f:/program files/atmel/gcc/bin/../lib/gcc/avr/4.3.2/avr51\libgcc.a(_clear_bss.o)
                0x000000b2                __do_clear_bss
 *(.init4)
 *(.init5)
 *(.init5)
 *(.init6)
 *(.init6)
 *(.init7)
 *(.init7)
 *(.init8)
 *(.init8)
 *(.init9)
 .init9         0x000000c2        0x8 f:/program files/atmel/gcc/bin/../lib/gcc/avr/4.3.2/../../../../avr/lib/avr51/crtm128.o
 *(.init9)
 *(.text)
 .text          0x000000ca        0x4 f:/program files/atmel/gcc/bin/../lib/gcc/avr/4.3.2/../../../../avr/lib/avr51/crtm128.o
                0x000000ca                __vector_22
                0x000000ca                __vector_28
                0x000000ca                __vector_1
                0x000000ca                __vector_32
                0x000000ca                __vector_34
                0x000000ca                __vector_24
                0x000000ca                __vector_12
                0x000000ca                __bad_interrupt
                0x000000ca                __vector_6
                0x000000ca                __vector_31
                0x000000ca                __vector_3
                0x000000ca                __vector_23
                0x000000ca                __vector_30
                0x000000ca                __vector_25
                0x000000ca                __vector_11
                0x000000ca                __vector_13
                0x000000ca                __vector_17
                0x000000ca                __vector_19
                0x000000ca                __vector_7
                0x000000ca                __vector_27
                0x000000ca                __vector_5
                0x000000ca                __vector_33
                0x000000ca                __vector_4
                0x000000ca                __vector_9
                0x000000ca                __vector_2
                0x000000ca                __vector_21
                0x000000ca                __vector_15
                0x000000ca                __vector_29
                0x000000ca                __vector_8
                0x000000ca                __vector_26
                0x000000ca                __vector_14
                0x000000ca                __vector_10
                0x000000ca                __vector_18
                0x000000ca                __vector_20
 .text          0x000000ce       0x86 PWM_DA.o
                0x000000ce                system_init
                0x00000138                main
                0x000000d6                timer0_init
                0x000000e6                __vector_16
 .text          0x00000154        0x0 f:/program files/atmel/gcc/bin/../lib/gcc/avr/4.3.2/avr51\libgcc.a(_exit.o)
 .text          0x00000154        0x0 f:/program files/atmel/gcc/bin/../lib/gcc/avr/4.3.2/avr51\libgcc.a(_clear_bss.o)
                0x00000154                . = ALIGN (0x2)
 *(.text.*)
 .text.libgcc   0x00000154        0x0 f:/program files/atmel/gcc/bin/../lib/gcc/avr/4.3.2/avr51\libgcc.a(_exit.o)
 .text.libgcc   0x00000154        0x0 f:/program files/atmel/gcc/bin/../lib/gcc/avr/4.3.2/avr51\libgcc.a(_clear_bss.o)
                0x00000154                . = ALIGN (0x2)
 *(.fini9)
 .fini9         0x00000154        0x0 f:/program files/atmel/gcc/bin/../lib/gcc/avr/4.3.2/avr51\libgcc.a(_exit.o)
                0x00000154                exit
                0x00000154                _exit
 *(.fini9)
 *(.fini8)
 *(.fini8)
 *(.fini7)
 *(.fini7)
 *(.fini6)
 *(.fini6)
 *(.fini5)
 *(.fini5)
 *(.fini4)
 *(.fini4)
 *(.fini3)
 *(.fini3)
 *(.fini2)
 *(.fini2)
 *(.fini1)
 *(.fini1)
 *(.fini0)
 .fini0         0x00000154        0x4 f:/program files/atmel/gcc/bin/../lib/gcc/avr/4.3.2/avr51\libgcc.a(_exit.o)
 *(.fini0)
                0x00000158                _etext = .

.data           0x00800100       0x82 load address 0x00000158
                0x00800100                PROVIDE (__data_start, .)
 *(.data)
 .data          0x00800100        0x0 f:/program files/atmel/gcc/bin/../lib/gcc/avr/4.3.2/../../../../avr/lib/avr51/crtm128.o
 .data          0x00800100       0x81 PWM_DA.o
                0x00800100                auc_SinParam
                0x00800180                x_SW
 .data          0x00800181        0x0 f:/program files/atmel/gcc/bin/../lib/gcc/avr/4.3.2/avr51\libgcc.a(_exit.o)
 .data          0x00800181        0x0 f:/program files/atmel/gcc/bin/../lib/gcc/avr/4.3.2/avr51\libgcc.a(_clear_bss.o)
 *(.data*)
 *(.rodata)
 *(.rodata*)
 *(.gnu.linkonce.d*)
                0x00800182                . = ALIGN (0x2)
 *fill*         0x00800181        0x1 00
                0x00800182                _edata = .
                0x00800182                PROVIDE (__data_end, .)

.bss            0x00800182        0x1
                0x00800182                PROVIDE (__bss_start, .)
 *(.bss)
 .bss           0x00800182        0x0 f:/program files/atmel/gcc/bin/../lib/gcc/avr/4.3.2/../../../../avr/lib/avr51/crtm128.o
 .bss           0x00800182        0x1 PWM_DA.o
                0x00800182                X_LUT
 .bss           0x00800183        0x0 f:/program files/atmel/gcc/bin/../lib/gcc/avr/4.3.2/avr51\libgcc.a(_exit.o)
 .bss           0x00800183        0x0 f:/program files/atmel/gcc/bin/../lib/gcc/avr/4.3.2/avr51\libgcc.a(_clear_bss.o)
 *(.bss*)
 *(COMMON)
                0x00800183                PROVIDE (__bss_end, .)
                0x00000158                __data_load_start = LOADADDR (.data)
                0x000001da                __data_load_end = (__data_load_start + SIZEOF (.data))

.noinit         0x00800183        0x0
                0x00800183                PROVIDE (__noinit_start, .)
 *(.noinit*)
                0x00800183                PROVIDE (__noinit_end, .)
                0x00800183                _end = .
                0x00800183                PROVIDE (__heap_start, .)

.eeprom         0x00810000        0x0
 *(.eeprom*)
                0x00810000                __eeprom_end = .

.fuse
 *(.fuse)
 *(.lfuse)
 *(.hfuse)
 *(.efuse)

.lock
 *(.lock*)

.signature
 *(.signature*)

.stab
 *(.stab)

.stabstr
 *(.stabstr)

.stab.excl
 *(.stab.excl)

.stab.exclstr
 *(.stab.exclstr)

.stab.index
 *(.stab.index)

.stab.indexstr
 *(.stab.indexstr)

.comment
 *(.comment)

.debug
 *(.debug)

.line
 *(.line)

.debug_srcinfo
 *(.debug_srcinfo)

.debug_sfnames
 *(.debug_sfnames)

.debug_aranges  0x00000000       0x20
 *(.debug_aranges)
 .debug_aranges
                0x00000000       0x20 PWM_DA.o

.debug_pubnames
                0x00000000       0x6f
 *(.debug_pubnames)
 .debug_pubnames
                0x00000000       0x6f PWM_DA.o

.debug_info     0x00000000      0x12f
 *(.debug_info)
 .debug_info    0x00000000      0x12f PWM_DA.o
 *(.gnu.linkonce.wi.*)

.debug_abbrev   0x00000000       0xaf
 *(.debug_abbrev)
 .debug_abbrev  0x00000000       0xaf PWM_DA.o

.debug_line     0x00000000      0x10a
 *(.debug_line)
 .debug_line    0x00000000      0x10a PWM_DA.o

.debug_frame    0x00000000       0x50
 *(.debug_frame)
 .debug_frame   0x00000000       0x50 PWM_DA.o

.debug_str      0x00000000       0xc5
 *(.debug_str)
 .debug_str     0x00000000       0xc5 PWM_DA.o
                                 0xfe (size before relaxing)

.debug_loc
 *(.debug_loc)

.debug_macinfo
 *(.debug_macinfo)
OUTPUT(PWM_DA.elf elf32-avr)
LOAD linker stubs
